 Achims_C-Test_241115

 Timestamp is 67547f49 (Sat Dec  7 18:00:57 2024)

 Preferred load address is 00400000

 Start         Length     Name                   Class
 0001:00000000 00069c92H .text$mn                CODE
 0001:00069c92 0000121cH .text$x                 CODE
 0002:00000000 00000104H .CRT$XCA                DATA
 0002:00000104 00000104H .CRT$XCAA               DATA
 0002:00000208 00000104H .CRT$XCZ                DATA
 0002:0000030c 00000104H .CRT$XIA                DATA
 0002:00000410 00000104H .CRT$XIAA               DATA
 0002:00000514 00000104H .CRT$XIAC               DATA
 0002:00000618 00000114H .CRT$XIC                DATA
 0002:0000072c 00000104H .CRT$XIZ                DATA
 0002:00000830 00000104H .CRT$XPA                DATA
 0002:00000934 0000010cH .CRT$XPX                DATA
 0002:00000a40 00000104H .CRT$XPXA               DATA
 0002:00000b44 00000104H .CRT$XPZ                DATA
 0002:00000c48 00000104H .CRT$XTA                DATA
 0002:00000d4c 00000104H .CRT$XTZ                DATA
 0002:00000e50 00009370H .rdata                  DATA
 0002:0000a1c0 00000180H .rdata$CastGuardVftablesA DATA
 0002:0000a340 0000014cH .rdata$CastGuardVftablesC DATA
 0002:0000a48c 00000444H .rdata$r                DATA
 0002:0000a8d0 00000160H .rdata$sxdata           DATA
 0002:0000aa30 00000190H .rdata$zzzdbg           DATA
 0002:0000abc0 00000104H .rtc$IAA                DATA
 0002:0000acc4 00000104H .rtc$IZZ                DATA
 0002:0000adc8 00000104H .rtc$TAA                DATA
 0002:0000aecc 00000104H .rtc$TZZ                DATA
 0002:0000afd0 00000e14H .xdata$x                DATA
 0002:0000bde4 00000000H .edata                  DATA
 0003:00000000 00001c40H .data                   DATA
 0003:00001c40 00000170H .data$r                 DATA
 0003:00001db0 000001d8H .data$rs                DATA
 0003:00001f88 000016d0H .bss                    DATA
 0004:00000000 000001b4H .idata$5                DATA
 0004:000001b4 00000014H .idata$2                DATA
 0004:000001c8 00000014H .idata$3                DATA
 0004:000001dc 000001b4H .idata$4                DATA
 0004:00000390 000007a9H .idata$6                DATA
 0005:00000000 0000010eH .00cfg                  DATA

  Address         Publics by Value              Rva+Base       Lib:Object

 0000:00000000       ___AbsoluteZero            00000000     <absolute>
 0000:00000000       ___arm64x_extra_rfe_table  00000000     <absolute>
 0000:00000000       ___arm64x_extra_rfe_table_size 00000000     <absolute>
 0000:00000000       ___arm64x_native_entrypoint 00000000     <absolute>
 0000:00000000       ___arm64x_redirection_metadata 00000000     <absolute>
 0000:00000000       ___arm64x_redirection_metadata_count 00000000     <absolute>
 0000:00000000       ___dynamic_value_reloc_table 00000000     <absolute>
 0000:00000000       ___enclave_config          00000000     <absolute>
 0000:00000000       ___guard_check_icall_a64n_fptr 00000000     <absolute>
 0000:00000000       ___guard_eh_cont_count     00000000     <absolute>
 0000:00000000       ___guard_eh_cont_table     00000000     <absolute>
 0000:00000000       ___guard_fids_count        00000000     <absolute>
 0000:00000000       ___guard_fids_table        00000000     <absolute>
 0000:00000000       ___guard_iat_count         00000000     <absolute>
 0000:00000000       ___guard_iat_table         00000000     <absolute>
 0000:00000000       ___guard_longjmp_count     00000000     <absolute>
 0000:00000000       ___guard_longjmp_table     00000000     <absolute>
 0000:00000000       ___hybrid_auxiliary_delayload_iat 00000000     <absolute>
 0000:00000000       ___hybrid_auxiliary_delayload_iat_copy 00000000     <absolute>
 0000:00000000       ___hybrid_auxiliary_iat    00000000     <absolute>
 0000:00000000       ___hybrid_auxiliary_iat_copy 00000000     <absolute>
 0000:00000000       ___hybrid_code_map         00000000     <absolute>
 0000:00000000       ___hybrid_code_map_count   00000000     <absolute>
 0000:00000000       ___hybrid_image_info_bitfield 00000000     <absolute>
 0000:00000000       ___volatile_metadata       00000000     <absolute>
 0000:00000000       ___x64_code_ranges_to_entry_points 00000000     <absolute>
 0000:00000000       ___x64_code_ranges_to_entry_points_count 00000000     <absolute>
 0000:00000000       __except_list              00000000     <absolute>
 0000:00000014       ___safe_se_handler_count   00000014     <absolute>
 0000:00000100       ___guard_flags             00000100     <absolute>
 0000:00000000       ___ImageBase               00400000     <linker-defined>
 0001:00006510       _word_is_allowed           00407510 f   Achims_C-Test_241115.obj
 0001:00006630       _is_character_unmarked     00407630 f   Achims_C-Test_241115.obj
 0001:000066b0       _update_state              004076b0 f   Achims_C-Test_241115.obj
 0001:000067c0       _get_input                 004077c0 f   Achims_C-Test_241115.obj
 0001:00006990       _print_result              00407990 f   Achims_C-Test_241115.obj
 0001:00006a60       _another_round             00407a60 f   Achims_C-Test_241115.obj
 0001:00006b20       _main                      00407b20 f   Achims_C-Test_241115.obj
 0001:00007510       ___local_stdio_printf_options 00408510 f i Achims_C-Test_241115.obj
 0001:00007520       __vfprintf_l               00408520 f i Achims_C-Test_241115.obj
 0001:00007560       _fprintf                   00408560 f i Achims_C-Test_241115.obj
 0001:000075a0       _printf                    004085a0 f i Achims_C-Test_241115.obj
 0001:000075f0       _getopt                    004085f0 f   getopt.obj
 0001:00007610       _getopt_long               00408610 f   getopt.obj
 0001:00007640       _getopt_long_only          00408640 f   getopt.obj
 0001:00008660       _vfprintf                  00409660 f i getopt.obj
 0001:00008681       @__security_check_cookie@4 00409681 f   LIBCMT:secchk.obj
 0001:00008975       ?configure_argv@__scrt_narrow_argv_policy@@SAHXZ 00409975 f i LIBCMT:exe_main.obj
 0001:00008985       ?initialize_environment@__scrt_narrow_environment_policy@@SAHXZ 00409985 f i LIBCMT:exe_main.obj
 0001:000089b7       ?set_app_type@__scrt_main_policy@@SAXXZ 004099b7 f i LIBCMT:exe_main.obj
 0001:000089c2       ?set_commode@__scrt_file_policy@@SAXXZ 004099c2 f i LIBCMT:exe_main.obj
 0001:000089d7       ?set_fmode@__scrt_file_policy@@SAXXZ 004099d7 f i LIBCMT:exe_main.obj
 0001:000089e7       _mainCRTStartup            004099e7 f   LIBCMT:exe_main.obj
 0001:000089f3       ___raise_securityfailure   004099f3 f   LIBCMT:gs_report.obj
 0001:00008a25       ___report_gsfailure        00409a25 f   LIBCMT:gs_report.obj
 0001:00008b5e       ___report_rangecheckfailure 00409b5e f   LIBCMT:gs_report.obj
 0001:00008b6e       ___report_securityfailure  00409b6e f   LIBCMT:gs_report.obj
 0001:00008c72       ___report_securityfailureEx 00409c72 f   LIBCMT:gs_report.obj
 0001:00008e5e       _NtCurrentTeb              00409e5e f i LIBCMT:utility.obj
 0001:00008e65       ___scrt_acquire_startup_lock 00409e65 f   LIBCMT:utility.obj
 0001:00008ea3       ___scrt_dllmain_after_initialize_c 00409ea3 f   LIBCMT:utility.obj
 0001:00008ed8       ___scrt_dllmain_before_initialize_c 00409ed8 f   LIBCMT:utility.obj
 0001:00008ee9       ___scrt_dllmain_crt_thread_attach 00409ee9 f   LIBCMT:utility.obj
 0001:00008f0f       ___scrt_dllmain_crt_thread_detach 00409f0f f   LIBCMT:utility.obj
 0001:00008f1f       ___scrt_dllmain_exception_filter 00409f1f f   LIBCMT:utility.obj
 0001:00008f60       ___scrt_dllmain_uninitialize_c 00409f60 f   LIBCMT:utility.obj
 0001:00008f8b       ___scrt_dllmain_uninitialize_critical 00409f8b f   LIBCMT:utility.obj
 0001:00008f9b       ___scrt_initialize_crt     00409f9b f   LIBCMT:utility.obj
 0001:00008fe2       ___scrt_initialize_onexit_tables 00409fe2 f   LIBCMT:utility.obj
 0001:0000908a       ___scrt_is_nonwritable_in_current_image 0040a08a f   LIBCMT:utility.obj
 0001:00009143       ___scrt_release_startup_lock 0040a143 f   LIBCMT:utility.obj
 0001:00009167       ___scrt_uninitialize_crt   0040a167 f   LIBCMT:utility.obj
 0001:00009199       __onexit                   0040a199 f   LIBCMT:utility.obj
 0001:000091d2       _at_quick_exit             0040a1d2 f   LIBCMT:utility.obj
 0001:000091fd       _atexit                    0040a1fd f   LIBCMT:utility.obj
 0001:00009277       ___security_init_cookie    0040a277 f   LIBCMT:gs_support.obj
 0001:000092d4       __matherr                  0040a2d4 f   LIBCMT:matherr.obj
 0001:000092d7       __get_startup_argv_mode    0040a2d7 f   LIBCMT:argv_mode.obj
 0001:000092db       __get_startup_commit_mode  0040a2db f   LIBCMT:commit_mode.obj
 0001:000092de       __get_startup_file_mode    0040a2de f   LIBCMT:file_mode.obj
 0001:000092e4       __get_startup_new_mode     0040a2e4 f   LIBCMT:new_mode.obj
 0001:000092e7       __get_startup_thread_locale_mode 0040a2e7 f   LIBCMT:thread_locale.obj
 0001:000092ea       ?__scrt_initialize_type_info@@YAXXZ 0040a2ea f   LIBCMT:tncleanup.obj
 0001:000092f9       ?__scrt_uninitialize_type_info@@YAXXZ 0040a2f9 f   LIBCMT:tncleanup.obj
 0001:00009308       __should_initialize_environment 0040a308 f   LIBCMT:env_mode.obj
 0001:0000930b       __initialize_default_precision 0040a30b f   LIBCMT:default_precision.obj
 0001:00009334       __initialize_invalid_parameter_handler 0040a334 f   LIBCMT:invalid_parameter_handler.obj
 0001:00009337       __initialize_denormal_control 0040a337 f   LIBCMT:denormal_control.obj
 0001:0000933a       ___local_stdio_scanf_options 0040a33a f i LIBCMT:default_local_stdio_options.obj
 0001:00009340       ___scrt_initialize_default_local_stdio_options 0040a340 f   LIBCMT:default_local_stdio_options.obj
 0001:00009364       ___scrt_is_user_matherr_present 0040a364 f   LIBCMT:matherr_detection.obj
 0001:00009373       ___scrt_get_dyn_tls_init_callback 0040a373 f   LIBCMT:dyn_tls_init.obj
 0001:00009379       ___scrt_get_dyn_tls_dtor_callback 0040a379 f   LIBCMT:dyn_tls_dtor.obj
 0001:0000937f       ___scrt_fastfail           0040a37f f   LIBCMT:utility_desktop.obj
 0001:000094d9       ___scrt_get_show_window_mode 0040a4d9 f   LIBCMT:utility_desktop.obj
 0001:00009515       ___scrt_initialize_mta     0040a515 f   LIBCMT:utility_desktop.obj
 0001:0000951a       ___scrt_initialize_winrt   0040a51a f   LIBCMT:utility_desktop.obj
 0001:0000951d       ___scrt_is_managed_app     0040a51d f   LIBCMT:utility_desktop.obj
 0001:0000956f       ___scrt_set_unhandled_exception_filter 0040a56f f   LIBCMT:utility_desktop.obj
 0001:0000957e       ___scrt_exe_initialize_mta 0040a57e f   LIBCMT:utility_desktop.obj
 0001:0000957e       ___scrt_stub_for_initialize_mta 0040a57e f   LIBCMT:utility_desktop.obj
 0001:00009581       ___scrt_unhandled_exception_filter@4 0040a581 f   LIBCMT:utility_desktop.obj
 0001:000095ec       __crt_debugger_hook        0040a5ec f   LIBCMT:utility_desktop.obj
 0001:000095f6       __RTC_Initialize           0040a5f6 f   LIBCMT:initsect.obj
 0001:0000962d       __RTC_Terminate            0040a62d f   LIBCMT:initsect.obj
 0001:00009670       __SEH_prolog4              0040a670 f   LIBCMT:sehprolg4.obj
 0001:000096d0       __SEH_epilog4              0040a6d0 f   LIBCMT:sehprolg4.obj
 0001:000096e9       @_guard_check_icall_nop@4  0040a6e9 f i LIBCMT:guard_support.obj
 0001:000096ec       _ReadNoFence               0040a6ec f i LIBCMT:guard_support.obj
 0001:000096f8       _ReadPointerNoFence        0040a6f8 f i LIBCMT:guard_support.obj
 0001:00009704       __InlineInterlockedExchangePointer 0040a704 f i LIBCMT:guard_support.obj
 0001:00009714       ___castguard_check_failure_debugbreak 0040a714 f i LIBCMT:guard_support.obj
 0001:00009735       ___castguard_check_failure_fastfail 0040a735 f i LIBCMT:guard_support.obj
 0001:0000975b       ___castguard_check_failure_nop 0040a75b f i LIBCMT:guard_support.obj
 0001:0000975e       ___castguard_check_failure_os_handled 0040a75e f i LIBCMT:guard_support.obj
 0001:000097a2       ___castguard_check_failure_user_handled 0040a7a2 f i LIBCMT:guard_support.obj
 0001:0000982a       ___castguard_set_user_handler 0040a82a f i LIBCMT:guard_support.obj
 0001:0000983c       ___castguard_slow_path_check_debugbreak 0040a83c f i LIBCMT:guard_support.obj
 0001:00009874       ___castguard_slow_path_check_fastfail 0040a874 f i LIBCMT:guard_support.obj
 0001:000098b1       ___castguard_slow_path_check_nop 0040a8b1 f i LIBCMT:guard_support.obj
 0001:000098b4       ___castguard_slow_path_check_os_handled 0040a8b4 f i LIBCMT:guard_support.obj
 0001:000098ff       ___castguard_slow_path_check_user_handled 0040a8ff f i LIBCMT:guard_support.obj
 0001:00009977       __guard_icall_checks_enforced 0040a977 f i LIBCMT:guard_support.obj
 0001:0000998d       ___isa_available_init      0040a98d f   LIBCMT:cpu_disp.obj
 0001:00009d85       ___scrt_is_ucrt_dll_in_use 0040ad85 f   LIBCMT:ucrt_detection.obj
 0001:00009d94       _GetStdHandle@4            0040ad94 f   kernel32:KERNEL32.dll
 0001:00009d9a       _GetLastError@0            0040ad9a f   kernel32:KERNEL32.dll
 0001:00009da0       _GetConsoleMode@8          0040ada0 f   kernel32:KERNEL32.dll
 0001:00009da6       _SetConsoleMode@8          0040ada6 f   kernel32:KERNEL32.dll
 0001:00009dac       _UnhandledExceptionFilter@4 0040adac f   kernel32:KERNEL32.dll
 0001:00009db2       _SetUnhandledExceptionFilter@4 0040adb2 f   kernel32:KERNEL32.dll
 0001:00009db8       _GetCurrentProcess@0       0040adb8 f   kernel32:KERNEL32.dll
 0001:00009dbe       _TerminateProcess@8        0040adbe f   kernel32:KERNEL32.dll
 0001:00009dc4       _IsProcessorFeaturePresent@4 0040adc4 f   kernel32:KERNEL32.dll
 0001:00009dca       _QueryPerformanceCounter@4 0040adca f   kernel32:KERNEL32.dll
 0001:00009dd0       _GetCurrentProcessId@0     0040add0 f   kernel32:KERNEL32.dll
 0001:00009dd6       _GetCurrentThreadId@0      0040add6 f   kernel32:KERNEL32.dll
 0001:00009ddc       _GetSystemTimeAsFileTime@4 0040addc f   kernel32:KERNEL32.dll
 0001:00009de2       _InitializeSListHead@4     0040ade2 f   kernel32:KERNEL32.dll
 0001:00009de8       _IsDebuggerPresent@0       0040ade8 f   kernel32:KERNEL32.dll
 0001:00009dee       _GetStartupInfoW@4         0040adee f   kernel32:KERNEL32.dll
 0001:00009df4       _GetModuleHandleW@4        0040adf4 f   kernel32:KERNEL32.dll
 0001:00009e00       _strchr                    0040ae00 f   libvcruntime:strchr.obj
 0001:00009e6e       ___from_strstr_to_strchr   0040ae6e     libvcruntime:strchr.obj
 0001:00009fc0       __except_handler4          0040afc0 f   libvcruntime:chandler4.obj
 0001:0000a175       ___vcrt_initialize         0040b175 f   libvcruntime:initialization.obj
 0001:0000a19b       ___vcrt_thread_attach      0040b19b f   libvcruntime:initialization.obj
 0001:0000a1a8       ___vcrt_thread_detach      0040b1a8 f   libvcruntime:initialization.obj
 0001:0000a1b2       ___vcrt_uninitialize       0040b1b2 f   libvcruntime:initialization.obj
 0001:0000a1ce       ___vcrt_uninitialize_critical 0040b1ce f   libvcruntime:initialization.obj
 0001:0000a1eb       ??$?RD@__crt_internal_free_policy@@QBEXQBD@Z 0040b1eb f i libvcruntime:std_type_info.obj
 0001:0000a1ff       ??$?RX@__crt_internal_free_policy@@QBEXQBX@Z 0040b1ff f i libvcruntime:std_type_info.obj
 0001:0000a213       ??$__crt_interlocked_compare_exchange_pointer@$$CBDPAD$$T@@YAPBDPDSBDQAD$$T@Z 0040b213 f i libvcruntime:std_type_info.obj
 0001:0000a229       ??$__crt_interlocked_read_pointer@$$CBD@@YAPBDPDSBD@Z 0040b229 f i libvcruntime:std_type_info.obj
 0001:0000a236       ??0?$__crt_unique_heap_ptr@DU__crt_internal_free_policy@@@@QAE@QAD@Z 0040b236 f i libvcruntime:std_type_info.obj
 0001:0000a247       ??0?$__crt_unique_heap_ptr@XU__crt_internal_free_policy@@@@QAE@QAX@Z 0040b247 f i libvcruntime:std_type_info.obj
 0001:0000a258       ??1?$__crt_unique_heap_ptr@DU__crt_internal_free_policy@@@@QAE@XZ 0040b258 f i libvcruntime:std_type_info.obj
 0001:0000a26c       ??1?$__crt_unique_heap_ptr@XU__crt_internal_free_policy@@@@QAE@XZ 0040b26c f i libvcruntime:std_type_info.obj
 0001:0000a280       ??B?$__crt_unique_heap_ptr@DU__crt_internal_free_policy@@@@QBE_NXZ 0040b280 f i libvcruntime:std_type_info.obj
 0001:0000a287       ??B?$__crt_unique_heap_ptr@XU__crt_internal_free_policy@@@@QBE_NXZ 0040b287 f i libvcruntime:std_type_info.obj
 0001:0000a2b6       ?__crt_interlocked_read_32@@YAHPDH@Z 0040b2b6 f i libvcruntime:std_type_info.obj
 0001:0000a2c3       ?detach@?$__crt_unique_heap_ptr@XU__crt_internal_free_policy@@@@QAEPAXXZ 0040b2c3 f i libvcruntime:std_type_info.obj
 0001:0000a2c9       ?get@?$__crt_unique_heap_ptr@DU__crt_internal_free_policy@@@@QBEPADXZ 0040b2c9 f i libvcruntime:std_type_info.obj
 0001:0000a2cc       ?get@?$__crt_unique_heap_ptr@XU__crt_internal_free_policy@@@@QBEPAXXZ 0040b2cc f i libvcruntime:std_type_info.obj
 0001:0000a2cf       ?is_valid@?$__crt_unique_heap_ptr@DU__crt_internal_free_policy@@@@QBE_NXZ 0040b2cf f i libvcruntime:std_type_info.obj
 0001:0000a2d6       ?is_valid@?$__crt_unique_heap_ptr@XU__crt_internal_free_policy@@@@QBE_NXZ 0040b2d6 f i libvcruntime:std_type_info.obj
 0001:0000a2dd       ?release@?$__crt_unique_heap_ptr@DU__crt_internal_free_policy@@@@QAEXXZ 0040b2dd f i libvcruntime:std_type_info.obj
 0001:0000a2f1       ?release@?$__crt_unique_heap_ptr@XU__crt_internal_free_policy@@@@QAEXXZ 0040b2f1 f i libvcruntime:std_type_info.obj
 0001:0000a305       ___std_type_info_compare   0040b305 f   libvcruntime:std_type_info.obj
 0001:0000a350       ___std_type_info_destroy_list 0040b350 f   libvcruntime:std_type_info.obj
 0001:0000a37b       ___std_type_info_hash      0040b37b f   libvcruntime:std_type_info.obj
 0001:0000a3aa       ___std_type_info_name      0040b3aa f   libvcruntime:std_type_info.obj
 0001:0000a4a1       ___DestructExceptionObject 0040b4a1 f   libvcruntime:ehhelpers.obj
 0001:0000a56a       ?_CallMemberFunction0@@YGXQAX0@Z 0040b56a f i libvcruntime:ehhelpers.obj
 0001:0000a5e8       ?raw_name@type_info@@QBEPBDXZ 0040b5e8 f i libvcruntime:ehhelpers.obj
 0001:0000a5ec       __IsExceptionObjectToBeDestroyed 0040b5ec f   libvcruntime:ehhelpers.obj
 0001:0000a61b       __SetWinRTOutOfMemoryExceptionCallback 0040b61b f   libvcruntime:ehhelpers.obj
 0001:0000a62b       ___AdjustPointer           0040b62b f   libvcruntime:ehhelpers.obj
 0001:0000a659       ___FrameUnwindFilter       0040b659 f   libvcruntime:ehhelpers.obj
 0001:0000a6c4       ___GetPlatformExceptionInfo 0040b6c4 f   libvcruntime:ehhelpers.obj
 0001:0000a723       ___current_exception       0040b723 f   libvcruntime:ehhelpers.obj
 0001:0000a72e       ___current_exception_context 0040b72e f   libvcruntime:ehhelpers.obj
 0001:0000a739       ___processing_throw        0040b739 f   libvcruntime:ehhelpers.obj
 0001:0000a744       ___std_terminate           0040b744 f   libvcruntime:ehhelpers.obj
 0001:0000a749       __is_exception_typeof      0040b749 f   libvcruntime:ehhelpers.obj
 0001:0000a820       _memset                    0040b820 f   libvcruntime:memset.obj
 0001:0000a9d0       __local_unwind4            0040b9d0 f   libvcruntime:exsup4.obj
 0001:0000ab00       __seh_longjmp_unwind4@4    0040bb00 f   libvcruntime:exsup4.obj
 0001:0000ab40       @_EH4_CallFilterFunc@8     0040bb40 f   libvcruntime:exsup4.obj
 0001:0000ab60       @_EH4_TransferToHandler@8  0040bb60 f   libvcruntime:exsup4.obj
 0001:0000ab80       @_EH4_GlobalUnwind2@8      0040bb80 f   libvcruntime:exsup4.obj
 0001:0000aba0       @_EH4_LocalUnwind@16       0040bba0 f   libvcruntime:exsup4.obj
 0001:0000abc9       ___except_validate_context_record 0040bbc9 f   libvcruntime:jbcxrval.obj
 0001:0000ac05       ___except_validate_jump_buffer 0040bc05 f   libvcruntime:jbcxrval.obj
 0001:0000ac3d       ___except_validate_jump_buffer_common 0040bc3d f i libvcruntime:jbcxrval.obj
 0001:0000ac84       ??$?RU__vcrt_ptd@@@__crt_internal_free_policy@@QBEXQBU__vcrt_ptd@@@Z 0040bc84 f i libvcruntime:per_thread_data.obj
 0001:0000ac98       ??0?$__crt_unique_heap_ptr@U__vcrt_ptd@@U__crt_internal_free_policy@@@@QAE@QAU__vcrt_ptd@@@Z 0040bc98 f i libvcruntime:per_thread_data.obj
 0001:0000acbb       ??1?$__crt_unique_heap_ptr@U__vcrt_ptd@@U__crt_internal_free_policy@@@@QAE@XZ 0040bcbb f i libvcruntime:per_thread_data.obj
 0001:0000acda       ??B?$__crt_unique_heap_ptr@U__vcrt_ptd@@U__crt_internal_free_policy@@@@QBE_NXZ 0040bcda f i libvcruntime:per_thread_data.obj
 0001:0000ace1       ?detach@?$__crt_unique_heap_ptr@U__vcrt_ptd@@U__crt_internal_free_policy@@@@QAEPAU__vcrt_ptd@@XZ 0040bce1 f i libvcruntime:per_thread_data.obj
 0001:0000ace7       ?get@?$__crt_unique_heap_ptr@U__vcrt_ptd@@U__crt_internal_free_policy@@@@QBEPAU__vcrt_ptd@@XZ 0040bce7 f i libvcruntime:per_thread_data.obj
 0001:0000acea       ?is_valid@?$__crt_unique_heap_ptr@U__vcrt_ptd@@U__crt_internal_free_policy@@@@QBE_NXZ 0040bcea f i libvcruntime:per_thread_data.obj
 0001:0000acf1       ?release@?$__crt_unique_heap_ptr@U__vcrt_ptd@@U__crt_internal_free_policy@@@@QAEXXZ 0040bcf1 f i libvcruntime:per_thread_data.obj
 0001:0000ad25       ___vcrt_freefls@4          0040bd25 f   libvcruntime:per_thread_data.obj
 0001:0000ad48       ___vcrt_freeptd_for_this_thread 0040bd48 f   libvcruntime:per_thread_data.obj
 0001:0000ad7d       ___vcrt_getptd             0040bd7d f   libvcruntime:per_thread_data.obj
 0001:0000ad8e       ___vcrt_getptd_noexit      0040bd8e f   libvcruntime:per_thread_data.obj
 0001:0000ae44       ___vcrt_getptd_noinit      0040be44 f   libvcruntime:per_thread_data.obj
 0001:0000ae8a       ___vcrt_initialize_ptd     0040be8a f   libvcruntime:per_thread_data.obj
 0001:0000aec9       ___vcrt_uninitialize_ptd   0040bec9 f   libvcruntime:per_thread_data.obj
 0001:0000aeea       ___vcrt_initialize_locks   0040beea f   libvcruntime:locks.obj
 0001:0000af35       ___vcrt_lock               0040bf35 f   libvcruntime:locks.obj
 0001:0000af4f       ___vcrt_uninitialize_locks 0040bf4f f   libvcruntime:locks.obj
 0001:0000af89       ___vcrt_unlock             0040bf89 f   libvcruntime:locks.obj
 0001:0000afa3       ??$?0$00@DName@@QAE@PBDU?$StringLifeSelector@$00@@@Z 0040bfa3 f i libvcruntime:undname.obj
 0001:0000afe2       ??$?0$00@pcharNode@@QAE@PBDHU?$StringLifeSelector@$00@@@Z 0040bfe2 f i libvcruntime:undname.obj
 0001:0000b003       ??$?0$01@DName@@QAE@PBDU?$StringLifeSelector@$01@@@Z 0040c003 f i libvcruntime:undname.obj
 0001:0000b042       ??$?0$01@pcharNode@@QAE@PBDHU?$StringLifeSelector@$01@@@Z 0040c042 f i libvcruntime:undname.obj
 0001:0000b092       ??$?0$0A@@DName@@QAE@PBDU?$StringLifeSelector@$0A@@@@Z 0040c092 f i libvcruntime:undname.obj
 0001:0000b0d1       ??$?0$0A@@pcharNode@@QAE@PBDHU?$StringLifeSelector@$0A@@@@Z 0040c0d1 f i libvcruntime:undname.obj
 0001:0000b121       ??$?0_K$0A@@?$optional@_K@std@@QAE@$$QA_K@Z 0040c121 f i libvcruntime:undname.obj
 0001:0000b141       ??$?0_K@?$_Optional_construct_base@_K@std@@QAE@Uin_place_t@1@$$QA_K@Z 0040c141 f i libvcruntime:undname.obj
 0001:0000b161       ??$?0_K@?$_Optional_destruct_base@_K$00@std@@QAE@Uin_place_t@1@$$QA_K@Z 0040c161 f i libvcruntime:undname.obj
 0001:0000b181       ??$append@VDNameNode@@@DName@@AAEXPBVDNameNode@@@Z 0040c181 f i libvcruntime:undname.obj
 0001:0000b1d2       ??$append@VDNameStatusNode@@@DName@@AAEXPBVDNameStatusNode@@@Z 0040c1d2 f i libvcruntime:undname.obj
 0001:0000b223       ??$append@VcharNode@@@DName@@AAEXPBVcharNode@@@Z 0040c223 f i libvcruntime:undname.obj
 0001:0000b274       ??$append@VpDNameNode@@@DName@@AAEXPBVpDNameNode@@@Z 0040c274 f i libvcruntime:undname.obj
 0001:0000b2c5       ??$append@VpcharNode@@@DName@@AAEXPBVpcharNode@@@Z 0040c2c5 f i libvcruntime:undname.obj
 0001:0000b316       ??$doPchar@$00@DName@@AAEXPBDH@Z 0040c316 f i libvcruntime:undname.obj
 0001:0000b39d       ??$doPchar@$01@DName@@AAEXPBDH@Z 0040c39d f i libvcruntime:undname.obj
 0001:0000b42a       ??$doPchar@$0A@@DName@@AAEXPBDH@Z 0040c42a f i libvcruntime:undname.obj
 0001:0000b4b7       ??$forward@_K@std@@YA$$QA_KAA_K@Z 0040c4b7 f i libvcruntime:undname.obj
 0001:0000b5c2       ??0?$_Optional_construct_base@_K@std@@QAE@XZ 0040c5c2 f i libvcruntime:undname.obj
 0001:0000b5c9       ??0?$_Optional_destruct_base@_K$00@std@@QAE@XZ 0040c5c9 f i libvcruntime:undname.obj
 0001:0000b5d0       ??0?$optional@_K@std@@QAE@XZ 0040c5d0 f i libvcruntime:undname.obj
 0001:0000b5d7       ??0Block@_HeapManager@@QAE@XZ 0040c5d7 f i libvcruntime:undname.obj
 0001:0000b5dd       ??0DName@@QAE@AAPBDD@Z     0040c5dd f   libvcruntime:undname.obj
 0001:0000b688       ??0DName@@QAE@ABUStringLiteral@@@Z 0040c688 f   libvcruntime:undname.obj
 0001:0000b6b8       ??0DName@@QAE@ABV0@@Z      0040c6b8 f i libvcruntime:undname.obj
 0001:0000b6d3       ??0DName@@QAE@D@Z          0040c6d3 f   libvcruntime:undname.obj
 0001:0000b6f6       ??0DName@@QAE@PAV0@@Z      0040c6f6 f   libvcruntime:undname.obj
 0001:0000b74e       ??0DName@@QAE@W4DNameStatus@@@Z 0040c74e f   libvcruntime:undname.obj
 0001:0000b79e       ??0DName@@QAE@XZ           0040c79e f i libvcruntime:undname.obj
 0001:0000b7aa       ??0DName@@QAE@_J@Z         0040c7aa f   libvcruntime:undname.obj
 0001:0000b856       ??0DName@@QAE@_K@Z         0040c856 f   libvcruntime:undname.obj
 0001:0000b8d3       ??0DNameNode@@IAE@XZ       0040c8d3 f i libvcruntime:undname.obj
 0001:0000b8de       ??0Replicator@@QAE@XZ      0040c8de f i libvcruntime:undname.obj
 0001:0000b902       ??0UnDecorator@@QAE@PBDP6APADJ@ZK@Z 0040c902 f i libvcruntime:undname.obj
 0001:0000b97f       ??0_Nontrivial_dummy_type@std@@QAE@XZ 0040c97f f i libvcruntime:undname.obj
 0001:0000b982       ??0charNode@@QAE@D@Z       0040c982 f i libvcruntime:undname.obj
 0001:0000b99c       ??0pDNameNode@@QAE@PAVDName@@@Z 0040c99c f   libvcruntime:undname.obj
 0001:0000b9ce       ??0pairNode@@QAE@PBVDNameNode@@0@Z 0040c9ce f i libvcruntime:undname.obj
 0001:0000b9fb       ??2@YAPAXIAAV_HeapManager@@H@Z 0040c9fb f   libvcruntime:undname.obj
 0001:0000ba21       ??4DName@@QAEAAV0@ABUStringLiteral@@@Z 0040ca21 f   libvcruntime:undname.obj
 0001:0000ba4a       ??4DName@@QAEAAV0@ABV0@@Z  0040ca4a f   libvcruntime:undname.obj
 0001:0000ba65       ??4DName@@QAEAAV0@D@Z      0040ca65 f i libvcruntime:undname.obj
 0001:0000ba88       ??4DName@@QAEAAV0@PAV0@@Z  0040ca88 f   libvcruntime:undname.obj
 0001:0000badb       ??4DName@@QAEAAV0@W4DNameStatus@@@Z 0040cadb f   libvcruntime:undname.obj
 0001:0000bb19       ??AReplicator@@QBE?AVDName@@H@Z 0040cb19 f   libvcruntime:undname.obj
 0001:0000bb64       ??B?$optional@_K@std@@QBE_NXZ 0040cb64 f i libvcruntime:undname.obj
 0001:0000bb68       ??D?$_Optional_construct_base@_K@std@@QGAEAA_KXZ 0040cb68 f i libvcruntime:undname.obj
 0001:0000bb6b       ??H@YA?AVDName@@ABUStringLiteral@@ABV0@@Z 0040cb6b f i libvcruntime:undname.obj
 0001:0000bb95       ??H@YA?AVDName@@DABV0@@Z   0040cb95 f i libvcruntime:undname.obj
 0001:0000bbca       ??H@YA?AVDName@@W4DNameStatus@@ABV0@@Z 0040cbca f i libvcruntime:undname.obj
 0001:0000bbf4       ??HDName@@QBE?AV0@ABUStringLiteral@@@Z 0040cbf4 f   libvcruntime:undname.obj
 0001:0000bc1e       ??HDName@@QBE?AV0@ABV0@@Z  0040cc1e f   libvcruntime:undname.obj
 0001:0000bc48       ??HDName@@QBE?AV0@D@Z      0040cc48 f   libvcruntime:undname.obj
 0001:0000bc72       ??HDName@@QBE?AV0@PAV0@@Z  0040cc72 f   libvcruntime:undname.obj
 0001:0000bc9c       ??HDName@@QBE?AV0@W4DNameStatus@@@Z 0040cc9c f   libvcruntime:undname.obj
 0001:0000bcc6       ??HStringLiteral@@QBE?AU0@H@Z 0040ccc6 f i libvcruntime:undname.obj
 0001:0000bce6       ??YDName@@QAEAAV0@ABUStringLiteral@@@Z 0040cce6 f   libvcruntime:undname.obj
 0001:0000bd54       ??YDName@@QAEAAV0@ABV0@@Z  0040cd54 f   libvcruntime:undname.obj
 0001:0000bdc0       ??YDName@@QAEAAV0@D@Z      0040cdc0 f   libvcruntime:undname.obj
 0001:0000be2a       ??YDName@@QAEAAV0@PAV0@@Z  0040ce2a f   libvcruntime:undname.obj
 0001:0000bea7       ??YDName@@QAEAAV0@W4DNameStatus@@@Z 0040cea7 f   libvcruntime:undname.obj
 0001:0000bef7       ??YReplicator@@QAEAAV0@ABVDName@@@Z 0040cef7 f   libvcruntime:undname.obj
 0001:0000bf47       ??_5DName@@QAEAAV0@ABV0@@Z 0040cf47 f   libvcruntime:undname.obj
 0001:0000bf6d       ??__K_l@@YA?AUStringLiteral@@PBDI@Z 0040cf6d f i libvcruntime:undname.obj
 0001:0000bf7a       ?Constructor@_HeapManager@@QAEXP6APAXI@ZP6AXPAX@Z@Z 0040cf7a f i libvcruntime:undname.obj
 0001:0000bf9e       ?Destructor@_HeapManager@@QAEXXZ 0040cf9e f i libvcruntime:undname.obj
 0001:0000bff2       ?UScore@UnDecorator@@SA?AUStringLiteral@@W4Tokens@@@Z 0040cff2 f   libvcruntime:undname.obj
 0001:0000c022       ?composeDeclaration@UnDecorator@@CA?AVDName@@ABV2@@Z 0040d022 f i libvcruntime:undname.obj
 0001:0000cecd       ?doAccessSpecifiers@UnDecorator@@SAHXZ 0040decd f i libvcruntime:undname.obj
 0001:0000cede       ?doAllocationLanguage@UnDecorator@@SAHXZ 0040dede f i libvcruntime:undname.obj
 0001:0000ceef       ?doAllocationModel@UnDecorator@@SAHXZ 0040deef f i libvcruntime:undname.obj
 0001:0000cf00       ?doEcsu@UnDecorator@@SAHXZ 0040df00 f i libvcruntime:undname.obj
 0001:0000cf11       ?doEllipsis@UnDecorator@@SAHXZ 0040df11 f i libvcruntime:undname.obj
 0001:0000cf22       ?doFunctionReturns@UnDecorator@@SAHXZ 0040df22 f i libvcruntime:undname.obj
 0001:0000cf33       ?doMSKeywords@UnDecorator@@SAHXZ 0040df33 f i libvcruntime:undname.obj
 0001:0000cf43       ?doMemberTypes@UnDecorator@@SAHXZ 0040df43 f i libvcruntime:undname.obj
 0001:0000cf54       ?doNameOnly@UnDecorator@@SAHXZ 0040df54 f i libvcruntime:undname.obj
 0001:0000cf61       ?doNoIdentCharCheck@UnDecorator@@SAHXZ 0040df61 f i libvcruntime:undname.obj
 0001:0000cf6e       ?doPchar@DName@@AAEXD@Z    0040df6e f   libvcruntime:undname.obj
 0001:0000cfb4       ?doPtr64@UnDecorator@@SAHXZ 0040dfb4 f i libvcruntime:undname.obj
 0001:0000cfc5       ?doRestrictionSpec@UnDecorator@@SAHXZ 0040dfc5 f i libvcruntime:undname.obj
 0001:0000cfd6       ?doThisTypes@UnDecorator@@SAHXZ 0040dfd6 f i libvcruntime:undname.obj
 0001:0000cfec       ?doThrowTypes@UnDecorator@@SAHXZ 0040dfec f i libvcruntime:undname.obj
 0001:0000cffd       ?doTypeOnly@UnDecorator@@SAHXZ 0040dffd f i libvcruntime:undname.obj
 0001:0000d00a       ?doUnderScore@UnDecorator@@SAHXZ 0040e00a f i libvcruntime:undname.obj
 0001:0000d017       ?getAddressOf@UnDecorator@@CA?AVDName@@XZ 0040e017 f   libvcruntime:undname.obj
 0001:0000d099       ?getArgumentList@UnDecorator@@CA?AVDName@@XZ 0040e099 f   libvcruntime:undname.obj
 0001:0000d1e9       ?getArgumentTypes@UnDecorator@@CA?AVDName@@XZ 0040e1e9 f   libvcruntime:undname.obj
 0001:0000d333       ?getArrayAccess@UnDecorator@@CA?AVDName@@XZ 0040e333 f   libvcruntime:undname.obj
 0001:0000d3c4       ?getArrayObject@UnDecorator@@CA?AVDName@@XZ 0040e3c4 f   libvcruntime:undname.obj
 0001:0000d489       ?getArrayType@UnDecorator@@CA?AVDName@@ABV2@@Z 0040e489 f i libvcruntime:undname.obj
 0001:0000d6b0       ?getBasedType@UnDecorator@@CA?AVDName@@XZ 0040e6b0 f   libvcruntime:undname.obj
 0001:0000d78a       ?getBasicDataType@UnDecorator@@CA?AVDName@@ABV2@@Z 0040e78a f   libvcruntime:undname.obj
 0001:0000de3d       ?getCHPEName@UnDecorator@@QAEPADPADH@Z 0040ee3d f i libvcruntime:undname.obj
 0001:0000df51       ?getCallIndex@UnDecorator@@CA?AVDName@@XZ 0040ef51 f i libvcruntime:undname.obj
 0001:0000df6a       ?getCallingConvention@UnDecorator@@CA?AVDName@@XZ 0040ef6a f   libvcruntime:undname.obj
 0001:0000e066       ?getDataIndirectType@UnDecorator@@CA?AVDName@@ABV2@W4IndirectionKind@@0H@Z 0040f066 f   libvcruntime:undname.obj
 0001:0000e8ce       ?getDataIndirectType@UnDecorator@@CA?AVDName@@XZ 0040f8ce f i libvcruntime:undname.obj
 0001:0000e907       ?getDataType@UnDecorator@@CA?AVDName@@PAV2@@Z 0040f907 f   libvcruntime:undname.obj
 0001:0000ea13       ?getDecoratedName@UnDecorator@@CA?AVDName@@XZ 0040fa13 f   libvcruntime:undname.obj
 0001:0000ecfc       ?getDimension@UnDecorator@@CA?AVDName@@_N@Z 0040fcfc f   libvcruntime:undname.obj
 0001:0000ee58       ?getDispatchTarget@UnDecorator@@CA?AVDName@@XZ 0040fe58 f   libvcruntime:undname.obj
 0001:0000eebd       ?getDisplacement@UnDecorator@@CA?AVDName@@XZ 0040febd f i libvcruntime:undname.obj
 0001:0000eed6       ?getECSUDataType@UnDecorator@@CA?AVDName@@XZ 0040fed6 f   libvcruntime:undname.obj
 0001:0000f0ea       ?getECSUName@UnDecorator@@CA?AVDName@@XZ 004100ea f i libvcruntime:undname.obj
 0001:0000f0ff       ?getEnumType@UnDecorator@@CA?AVDName@@XZ 004100ff f i libvcruntime:undname.obj
 0001:0000f258       ?getExtendedDataIndirectType@UnDecorator@@CA?AVDName@@AAW4IndirectionKind@@AA_NH@Z 00410258 f   libvcruntime:undname.obj
 0001:0000f4db       ?getExternalDataType@UnDecorator@@CA?AVDName@@ABV2@@Z 004104db f i libvcruntime:undname.obj
 0001:0000f559       ?getFloatingPoint@UnDecorator@@CA?AVDName@@H@Z 00410559 f   libvcruntime:undname.obj
 0001:0000f64c       ?getFunctionIndirectType@UnDecorator@@CA?AVDName@@ABV2@@Z 0041064c f   libvcruntime:undname.obj
 0001:0000fae0       ?getGuardNumber@UnDecorator@@CA?AVDName@@XZ 00410ae0 f i libvcruntime:undname.obj
 0001:0000faf9       ?getLastChar@DName@@QBEDXZ 00410af9 f i libvcruntime:undname.obj
 0001:0000fb21       ?getLastChar@DNameStatusNode@@UBEDXZ 00410b21 f i libvcruntime:undname.obj
 0001:0000fb30       ?getLastChar@charNode@@UBEDXZ 00410b30 f i libvcruntime:undname.obj
 0001:0000fb34       ?getLastChar@pDNameNode@@UBEDXZ 00410b34 f i libvcruntime:undname.obj
 0001:0000fb45       ?getLastChar@pairNode@@UBEDXZ 00410b45 f i libvcruntime:undname.obj
 0001:0000fb87       ?getLastChar@pcharNode@@UBEDXZ 00410b87 f i libvcruntime:undname.obj
 0001:0000fb9d       ?getLexicalFrame@UnDecorator@@CA?AVDName@@XZ 00410b9d f i libvcruntime:undname.obj
 0001:0000fbda       ?getMemberAccess@UnDecorator@@CA?AVDName@@XZ 00410bda f   libvcruntime:undname.obj
 0001:0000fc66       ?getMemoryWithBuffer@_HeapManager@@QAEPAXI@Z 00410c66 f   libvcruntime:undname.obj
 0001:0000fceb       ?getMemoryWithoutBuffer@_HeapManager@@QAEPAXI@Z 00410ceb f   libvcruntime:undname.obj
 0001:0000fd13       ?getNoexcept@UnDecorator@@CA?AVDName@@XZ 00410d13 f   libvcruntime:undname.obj
 0001:0000fd6d       ?getNumberOfDimensions@UnDecorator@@CAHXZ 00410d6d f   libvcruntime:undname.obj
 0001:0000fddd       ?getOperatorName@UnDecorator@@CA?AVDName@@_NPA_N@Z 00410ddd f i libvcruntime:undname.obj
 0001:000108d4       ?getPointerToMember@UnDecorator@@CA?AVDName@@XZ 004118d4 f   libvcruntime:undname.obj
 0001:000109bf       ?getPointerType@UnDecorator@@CA?AVDName@@ABV2@0@Z 004119bf f i libvcruntime:undname.obj
 0001:000109e0       ?getPointerTypeArray@UnDecorator@@CA?AVDName@@ABV2@0@Z 004119e0 f i libvcruntime:undname.obj
 0001:00010a01       ?getPrimaryDataType@UnDecorator@@CA?AVDName@@ABV2@@Z 00411a01 f   libvcruntime:undname.obj
 0001:00010ce2       ?getPtrRefDataType@UnDecorator@@CA?AVDName@@ABV2@H@Z 00411ce2 f   libvcruntime:undname.obj
 0001:00010eaa       ?getPtrRefType@UnDecorator@@CA?AVDName@@ABV2@0W4IndirectionKind@@@Z 00411eaa f   libvcruntime:undname.obj
 0001:00010fff       ?getReferenceType@UnDecorator@@CA?AVDName@@ABV2@0W4IndirectionKind@@@Z 00411fff f i libvcruntime:undname.obj
 0001:00011022       ?getRestrictionSpec@UnDecorator@@CA?AVDName@@XZ 00412022 f   libvcruntime:undname.obj
 0001:00011181       ?getReturnType@UnDecorator@@CA?AVDName@@PAV2@@Z 00412181 f   libvcruntime:undname.obj
 0001:000111bb       ?getScope@UnDecorator@@CA?AVDName@@XZ 004121bb f   libvcruntime:undname.obj
 0001:00011668       ?getScopedName@UnDecorator@@CA?AVDName@@XZ 00412668 f   libvcruntime:undname.obj
 0001:0001179a       ?getSignedDimension@UnDecorator@@CA?AVDName@@XZ 0041279a f   libvcruntime:undname.obj
 0001:000117ff       ?getStorageConvention@UnDecorator@@CA?AVDName@@XZ 004127ff f i libvcruntime:undname.obj
 0001:00011814       ?getString@DName@@QBEPADPAD0@Z 00412814 f i libvcruntime:undname.obj
 0001:0001184c       ?getString@DName@@QBEPADPADH@Z 0041284c f i libvcruntime:undname.obj
 0001:000118b6       ?getString@DNameStatusNode@@UBEPADPAD0@Z 004128b6 f i libvcruntime:undname.obj
 0001:0001190e       ?getString@charNode@@UBEPADPAD0@Z 0041290e f i libvcruntime:undname.obj
 0001:00011928       ?getString@pDNameNode@@UBEPADPAD0@Z 00412928 f i libvcruntime:undname.obj
 0001:00011944       ?getString@pairNode@@UBEPADPAD0@Z 00412944 f i libvcruntime:undname.obj
 0001:0001199b       ?getString@pcharNode@@UBEPADPAD0@Z 0041299b f i libvcruntime:undname.obj
 0001:000119bc       ?getStringEncoding@UnDecorator@@CA?AVDName@@W4PrefixKind@@H@Z 004129bc f   libvcruntime:undname.obj
 0001:00011a73       ?getStringHelper@@YAPADPADPBD1H@Z 00412a73 f i libvcruntime:undname.obj
 0001:00011aa6       ?getStringObject@UnDecorator@@CA?AVDName@@XZ 00412aa6 f   libvcruntime:undname.obj
 0001:00011b2d       ?getSymbolName@UnDecorator@@CA?AVDName@@XZ 00412b2d f i libvcruntime:undname.obj
 0001:00011b87       ?getTemplateArgumentList@UnDecorator@@CA?AVDName@@XZ 00412b87 f   libvcruntime:undname.obj
 0001:00011da3       ?getTemplateName@UnDecorator@@CA?AVDName@@_N@Z 00412da3 f   libvcruntime:undname.obj
 0001:00011f7c       ?getTemplateNonTypeArgument@UnDecorator@@CA?AVDName@@XZ 00412f7c f   libvcruntime:undname.obj
 0001:00012436       ?getTemplateTypeArgument@UnDecorator@@CA?AVDName@@XZ 00413436 f   libvcruntime:undname.obj
 0001:0001258b       ?getThisType@UnDecorator@@CA?AVDName@@XZ 0041358b f i libvcruntime:undname.obj
 0001:000125c5       ?getThrowTypes@UnDecorator@@CA?AVDName@@XZ 004135c5 f   libvcruntime:undname.obj
 0001:000125eb       ?getTypeEncoding@UnDecorator@@CAHXZ 004135eb f i libvcruntime:undname.obj
 0001:00012a2d       ?getUndecoratedName@UnDecorator@@QAEPADPADH@Z 00413a2d f i libvcruntime:undname.obj
 0001:00012b96       ?getUnionObject@UnDecorator@@CA?AVDName@@XZ 00413b96 f   libvcruntime:undname.obj
 0001:00012c66       ?getVCallThunkType@UnDecorator@@CA?AVDName@@XZ 00413c66 f i libvcruntime:undname.obj
 0001:00012cc2       ?getValue@UnDecorator@@CA?AV?$optional@_K@std@@XZ 00413cc2 f   libvcruntime:undname.obj
 0001:00012d3a       ?getValueObject@UnDecorator@@CA?AVDName@@XZ 00413d3a f   libvcruntime:undname.obj
 0001:00012eb1       ?getVbTableType@UnDecorator@@CA?AVDName@@ABV2@@Z 00413eb1 f i libvcruntime:undname.obj
 0001:00012ecb       ?getVdispMapType@UnDecorator@@CA?AVDName@@ABV2@@Z 00413ecb f i libvcruntime:undname.obj
 0001:00012f44       ?getVfTableType@UnDecorator@@CA?AVDName@@ABV2@@Z 00413f44 f i libvcruntime:undname.obj
 0001:000130ed       ?getZName@UnDecorator@@CA?AVDName@@_N0@Z 004140ed f   libvcruntime:undname.obj
 0001:0001338c       ?get_current_character_and_increment_buffer@UnDecorator@@CADXZ 0041438c f i libvcruntime:undname.obj
 0001:000133a5       ?haveTemplateParameters@UnDecorator@@SAHXZ 004143a5 f i libvcruntime:undname.obj
 0001:000133b2       ?increment_buffer@UnDecorator@@CA_NI@Z 004143b2 f i libvcruntime:undname.obj
 0001:000133e4       ?increment_buffer_no_check@UnDecorator@@CAXI@Z 004143e4 f i libvcruntime:undname.obj
 0001:000133f5       ?increment_buffer_no_check@UnDecorator@@CAXXZ 004143f5 f i libvcruntime:undname.obj
 0001:000133fc       ?isArray@DName@@QBEHXZ     004143fc f i libvcruntime:undname.obj
 0001:00013408       ?isComArray@DName@@QBEHXZ  00414408 f i libvcruntime:undname.obj
 0001:00013414       ?isEmpty@DName@@QBEHXZ     00414414 f i libvcruntime:undname.obj
 0001:0001341e       ?isFull@Replicator@@QBEHXZ 0041441e f i libvcruntime:undname.obj
 0001:00013429       ?isNoTE@DName@@QBEHXZ      00414429 f i libvcruntime:undname.obj
 0001:00013435       ?isPinPtr@DName@@QBEHXZ    00414435 f i libvcruntime:undname.obj
 0001:00013441       ?isPtrRef@DName@@QBEHXZ    00414441 f i libvcruntime:undname.obj
 0001:0001344d       ?isUDC@DName@@QBEHXZ       0041444d f i libvcruntime:undname.obj
 0001:00013462       ?isUDTThunk@DName@@QBEHXZ  00414462 f i libvcruntime:undname.obj
 0001:00013477       ?isVCallThunk@DName@@QBEHXZ 00414477 f i libvcruntime:undname.obj
 0001:00013483       ?isValid@DName@@QBEHXZ     00414483 f i libvcruntime:undname.obj
 0001:0001348f       ?length@DName@@QBEHXZ      0041448f f i libvcruntime:undname.obj
 0001:000134b5       ?length@DNameStatusNode@@UBEHXZ 004144b5 f i libvcruntime:undname.obj
 0001:000134b9       ?length@charNode@@UBEHXZ   004144b9 f i libvcruntime:undname.obj
 0001:000134bd       ?length@pDNameNode@@UBEHXZ 004144bd f i libvcruntime:undname.obj
 0001:000134ce       ?length@pairNode@@UBEHXZ   004144ce f i libvcruntime:undname.obj
 0001:00013529       ?length@pcharNode@@UBEHXZ  00414529 f i libvcruntime:undname.obj
 0001:0001352d       ?make@DNameStatusNode@@SAPBV1@W4DNameStatus@@@Z 0041452d f i libvcruntime:undname.obj
 0001:00013550       ?parseDecoratedName@UnDecorator@@CA?AVDName@@XZ 00414550 f   libvcruntime:undname.obj
 0001:00013689       ?raw_length@DNameStatusNode@@UBEHXZ 00414689 f i libvcruntime:undname.obj
 0001:0001368d       ?raw_length@charNode@@UBEHXZ 0041468d f i libvcruntime:undname.obj
 0001:00013691       ?raw_length@pDNameNode@@UBEHXZ 00414691 f i libvcruntime:undname.obj
 0001:00013695       ?raw_length@pairNode@@UBEHXZ 00414695 f i libvcruntime:undname.obj
 0001:00013699       ?raw_length@pcharNode@@UBEHXZ 00414699 f i libvcruntime:undname.obj
 0001:0001369d       ?setIsArray@DName@@QAEXXZ  0041469d f i libvcruntime:undname.obj
 0001:000136a7       ?setIsComArray@DName@@QAEXXZ 004146a7 f i libvcruntime:undname.obj
 0001:000136b1       ?setIsNoTE@DName@@QAEXXZ   004146b1 f i libvcruntime:undname.obj
 0001:000136bb       ?setIsPinPtr@DName@@QAEXXZ 004146bb f i libvcruntime:undname.obj
 0001:000136c5       ?setIsUDC@DName@@QAEXXZ    004146c5 f i libvcruntime:undname.obj
 0001:000136d5       ?setIsVCallThunk@DName@@QAEXXZ 004146d5 f i libvcruntime:undname.obj
 0001:000136df       ?setPtrRef@DName@@QAEAAV1@XZ 004146df f i libvcruntime:undname.obj
 0001:000136eb       ?status@DName@@QBE?AW4DNameStatus@@XZ 004146eb f i libvcruntime:undname.obj
 0001:00013770       ___unDName                 00414770 f   libvcruntime:undname.obj
 0001:0001379b       ___unDNameEx               0041479b f   libvcruntime:undname.obj
 0001:00013861       __vsprintf_s_l             00414861 f i libvcruntime:undname.obj
 0001:0001389a       _snprintf                  0041489a f i libvcruntime:undname.obj
 0001:000138ba       _sprintf_s                 004148ba f i libvcruntime:undname.obj
 0001:000138dd       _unDNameGenerateCHPE       004148dd f   libvcruntime:undname.obj
 0001:000139a1       _vsnprintf                 004149a1 f i libvcruntime:undname.obj
 0001:000139e0       __global_unwind2           004149e0 f   libvcruntime:exsup.obj
 0001:00013a70       __local_unwind2            00414a70 f   libvcruntime:exsup.obj
 0001:00013b30       __abnormal_termination     00414b30 f   libvcruntime:exsup.obj
 0001:00013b70       __NLG_Notify1              00414b70 f   libvcruntime:exsup.obj
 0001:00013b80       __NLG_Notify               00414b80 f   libvcruntime:exsup.obj
 0001:00013b97       __NLG_Dispatch             00414b97     libvcruntime:exsup.obj
 0001:00013b97       __NLG_Dispatch2            00414b97     libvcruntime:exsup.obj
 0001:00013bb0       __NLG_Call                 00414bb0 f   libvcruntime:exsup.obj
 0001:00013bb2       __NLG_Return2              00414bb2     libvcruntime:exsup.obj
 0001:00013bb3       ??$__crt_interlocked_exchange_pointer@UHINSTANCE__@@PAU1@@@YAPAUHINSTANCE__@@PDSAU0@QAU0@@Z 00414bb3 f i libvcruntime:winapi_downlevel.obj
 0001:00013bc3       ??$__crt_interlocked_exchange_pointer@UHINSTANCE__@@PAX@@YAPAUHINSTANCE__@@PDSAU0@QAX@Z 00414bc3 f i libvcruntime:winapi_downlevel.obj
 0001:00013bd3       ??$__crt_interlocked_exchange_pointer@XPAX@@YAPAXPDSAXQAX@Z 00414bd3 f i libvcruntime:winapi_downlevel.obj
 0001:00013be3       ??$__crt_interlocked_read_pointer@UHINSTANCE__@@@@YAPAUHINSTANCE__@@PDSAU0@@Z 00414be3 f i libvcruntime:winapi_downlevel.obj
 0001:00013bf0       ??$__crt_interlocked_read_pointer@X@@YAPAXPDSAX@Z 00414bf0 f i libvcruntime:winapi_downlevel.obj
 0001:00013f18       ___vcrt_FlsAlloc           00414f18 f   libvcruntime:winapi_downlevel.obj
 0001:00013f61       ___vcrt_FlsFree            00414f61 f   libvcruntime:winapi_downlevel.obj
 0001:00013faa       ___vcrt_FlsGetValue        00414faa f   libvcruntime:winapi_downlevel.obj
 0001:00013ff3       ___vcrt_FlsSetValue        00414ff3 f   libvcruntime:winapi_downlevel.obj
 0001:00014040       ___vcrt_InitializeCriticalSectionEx 00415040 f   libvcruntime:winapi_downlevel.obj
 0001:00014098       ??$__crt_interlocked_exchange_pointer@$$A6AXXZP6AXXZ@@YAP6AXXZPDS6AXXZQ6AXXZ@Z 00415098 f i libvcruntime:purevirt.obj
 0001:000140a8       ??$__crt_interlocked_read_pointer@$$A6AXXZ@@YAP6AXXZPDS6AXXZ@Z 004150a8 f i libvcruntime:purevirt.obj
 0001:000140b5       __get_purecall_handler     004150b5 f   libvcruntime:purevirt.obj
 0001:000140bc       __purecall                 004150bc f   libvcruntime:purevirt.obj
 0001:000140df       __set_purecall_handler     004150df f   libvcruntime:purevirt.obj
 0001:000140f1       ??$?0AAViterator@TryBlockMap@__FrameHandler3@@AAV012@$0A@@?$pair@Viterator@TryBlockMap@__FrameHandler3@@V123@@std@@QAE@AAViterator@TryBlockMap@__FrameHandler3@@0@Z 004150f1 f i libvcruntime:trnsctrl.obj
 0001:0001411e       ??$forward@AAViterator@TryBlockMap@__FrameHandler3@@@std@@YAAAViterator@TryBlockMap@__FrameHandler3@@AAV123@@Z 0041511e f i libvcruntime:trnsctrl.obj
 0001:00014128       ??0iterator@TryBlockMap@__FrameHandler3@@QAE@AAV12@I@Z 00415128 f i libvcruntime:trnsctrl.obj
 0001:00014141       ?GetRangeOfTrysToCheck@__FrameHandler3@@SA?AU?$pair@Viterator@TryBlockMap@__FrameHandler3@@V123@@std@@AAVTryBlockMap@1@HPAXPBU_s_FuncInfo@@H@Z 00415141 f   libvcruntime:trnsctrl.obj
 0001:000141cb       ?_CallCatchBlock2@@YAPAXPAUEHRegistrationNode@@PBU_s_FuncInfo@@PAXHK@Z 004151cb f   libvcruntime:trnsctrl.obj
 0001:0001423f       ?_CallSETranslator@@YAHPAUEHExceptionRecord@@PAUEHRegistrationNode@@PAX2PBU_s_FuncInfo@@H1@Z 0041523f f   libvcruntime:trnsctrl.obj
 0001:0001436b       ?_JumpToContinuation@@YGXPAXPAUEHRegistrationNode@@@Z 0041536b f   libvcruntime:trnsctrl.obj
 0001:000143a7       ?_UnwindNestedFrames@@YGXPAUEHRegistrationNode@@PAUEHExceptionRecord@@@Z 004153a7 f   libvcruntime:trnsctrl.obj
 0001:00014410       __CatchGuardHandler        00415410 f   libvcruntime:trnsctrl.obj
 0001:0001444d       __CreateFrameInfo          0041544d f   libvcruntime:trnsctrl.obj
 0001:0001447a       __FindAndUnlinkFrame       0041547a f   libvcruntime:trnsctrl.obj
 0001:000144d4       __TranslatorGuardHandler   004154d4 f   libvcruntime:trnsctrl.obj
 0001:0001459a       ___CxxFrameHandler         0041559a f   libvcruntime:trnsctrl.obj
 0001:000145dd       ___CxxFrameHandler2        004155dd f   libvcruntime:trnsctrl.obj
 0001:00014620       ___CxxFrameHandler3        00415620 f   libvcruntime:trnsctrl.obj
 0001:00014663       ___CxxLongjmpUnwind@4      00415663 f   libvcruntime:trnsctrl.obj
 0001:000146a0       _memcpy                    004156a0 f   libvcruntime:memcpy.obj
 0001:0001566c       ??$TypeMatchHelper@V__FrameHandler3@@@@YAHPBU_s_HandlerType@@PBU_s_CatchableType@@PBU_s_ThrowInfo@@@Z 0041666c f i libvcruntime:frame.obj
 0001:0001571d       ??$__InternalCxxFrameHandler@V__FrameHandler3@@@@YA?AW4_EXCEPTION_DISPOSITION@@PAUEHExceptionRecord@@PAUEHRegistrationNode@@PAU_CONTEXT@@PAXPBU_s_FuncInfo@@H1E@Z 0041671d f i libvcruntime:frame.obj
 0001:0001585f       ??$__InternalCxxFrameHandlerWrapper@V__FrameHandler3@@@@YA?AW4_EXCEPTION_DISPOSITION@@PAUEHExceptionRecord@@PAUEHRegistrationNode@@PAU_CONTEXT@@PAXPBU_s_FuncInfo@@H1E@Z 0041685f f i libvcruntime:frame.obj
 0001:0001586a       ??0HandlerMap@__FrameHandler3@@QAE@PBU_s_TryBlockMapEntry@@II@Z 0041686a f i libvcruntime:frame.obj
 0001:00015886       ??0TryBlockMap@__FrameHandler3@@QAE@PBU_s_FuncInfo@@I@Z 00416886 f i libvcruntime:frame.obj
 0001:0001589f       ??0bad_exception@std@@QAE@ABV01@@Z 0041689f f i libvcruntime:frame.obj
 0001:000158c0       ??0bad_exception@std@@QAE@XZ 004168c0 f i libvcruntime:frame.obj
 0001:000158de       ??0exception@std@@QAE@ABV01@@Z 004168de f i libvcruntime:frame.obj
 0001:00015915       ??0exception@std@@QAE@QBDH@Z 00416915 f i libvcruntime:frame.obj
 0001:00015939       ??0iterator@HandlerMap@__FrameHandler3@@QAE@AAV12@I@Z 00416939 f i libvcruntime:frame.obj
 0001:00015952       ??1bad_exception@std@@UAE@XZ 00416952 f i libvcruntime:frame.obj
 0001:00015967       ??1exception@std@@UAE@XZ   00416967 f i libvcruntime:frame.obj
 0001:0001597c       ??8iterator@HandlerMap@__FrameHandler3@@QBE_NABV012@@Z 0041697c f i libvcruntime:frame.obj
 0001:00015993       ??8type_info@@QBE_NABV0@@Z 00416993 f i libvcruntime:frame.obj
 0001:000159b9       ??9iterator@HandlerMap@__FrameHandler3@@QBE_NABV012@@Z 004169b9 f i libvcruntime:frame.obj
 0001:000159d0       ??Diterator@HandlerMap@__FrameHandler3@@QAE?BU_s_HandlerType@@XZ 004169d0 f i libvcruntime:frame.obj
 0001:000159f6       ??Diterator@TryBlockMap@__FrameHandler3@@QAE?BU_s_TryBlockMapEntry@@XZ 004169f6 f i libvcruntime:frame.obj
 0001:00015a20       ??Eiterator@HandlerMap@__FrameHandler3@@QAEAAV012@XZ 00416a20 f i libvcruntime:frame.obj
 0001:00015a26       ??Eiterator@TryBlockMap@__FrameHandler3@@QAEAAV012@XZ 00416a26 f i libvcruntime:frame.obj
 0001:00015a2c       ??Miterator@TryBlockMap@__FrameHandler3@@QBE_NABV012@@Z 00416a2c f i libvcruntime:frame.obj
 0001:00015a43       ??_Ebad_exception@std@@UAEPAXI@Z 00416a43 f i libvcruntime:frame.obj
 0001:00015a43       ??_Gbad_exception@std@@UAEPAXI@Z 00416a43 f i libvcruntime:frame.obj
 0001:00015a7b       ??_Eexception@std@@UAEPAXI@Z 00416a7b f i libvcruntime:frame.obj
 0001:00015a7b       ??_Gexception@std@@UAEPAXI@Z 00416a7b f i libvcruntime:frame.obj
 0001:00015ab3       ?BuildCatchObject@__FrameHandler3@@SAXPAUEHExceptionRecord@@PAXPBU_s_HandlerType@@PBU_s_CatchableType@@@Z 00416ab3 f   libvcruntime:frame.obj
 0001:00015ab8       ?BuildCatchObjectHelper@__FrameHandler3@@SAHPAUEHExceptionRecord@@PAXPBU_s_HandlerType@@PBU_s_CatchableType@@@Z 00416ab8 f   libvcruntime:frame.obj
 0001:00015daf       ?FrameUnwindToEmptyState@__FrameHandler3@@SAXPAUEHRegistrationNode@@PAXPBU_s_FuncInfo@@@Z 00416daf f   libvcruntime:frame.obj
 0001:00015dcd       ?FrameUnwindToState@__FrameHandler3@@SAXPAUEHRegistrationNode@@PAXPBU_s_FuncInfo@@H@Z 00416dcd f   libvcruntime:frame.obj
 0001:00015eef       ?GetMaxState@__FrameHandler3@@SAHPAXPBU_s_FuncInfo@@@Z 00416eef f i libvcruntime:frame.obj
 0001:00016003       ?TypeMatch@__FrameHandler3@@SAHPBU_s_HandlerType@@PBU_s_CatchableType@@PBU_s_ThrowInfo@@@Z 00417003 f   libvcruntime:frame.obj
 0001:0001600e       ?_CallMemberFunction1@@YGXQAX00@Z 0041700e f i libvcruntime:frame.obj
 0001:00016022       ?_CallMemberFunction2@@YGXQAX00H@Z 00417022 f i libvcruntime:frame.obj
 0001:00016039       ?begin@HandlerMap@__FrameHandler3@@QAE?AViterator@12@XZ 00417039 f i libvcruntime:frame.obj
 0001:0001604d       ?end@HandlerMap@__FrameHandler3@@QAE?AViterator@12@XZ 0041704d f i libvcruntime:frame.obj
 0001:00016062       ?getESTypes@__FrameHandler3@@SAPBU_s_ESTypeList@@PBU_s_FuncInfo@@@Z 00417062 f i libvcruntime:frame.obj
 0001:0001606f       ?getLastEntry@HandlerMap@__FrameHandler3@@QAEPBU_s_HandlerType@@XZ 0041706f f i libvcruntime:frame.obj
 0001:00016080       ?getMagicNum@__FrameHandler3@@SAIPBU_s_FuncInfo@@@Z 00417080 f i libvcruntime:frame.obj
 0001:00016092       ?getNumTryBlocks@TryBlockMap@__FrameHandler3@@QAEIXZ 00417092 f i libvcruntime:frame.obj
 0001:00016098       ?isEHs@__FrameHandler3@@SA_NPBU_s_FuncInfo@@@Z 00417098 f i libvcruntime:frame.obj
 0001:000160a8       ?isNoExcept@__FrameHandler3@@SA_NPBU_s_FuncInfo@@@Z 004170a8 f i libvcruntime:frame.obj
 0001:000160bc       ?what@exception@std@@UBEPBDXZ 004170bc f i libvcruntime:frame.obj
 0001:000160cd       ___BuildCatchObject        004170cd f   libvcruntime:frame.obj
 0001:000160d2       ___BuildCatchObjectHelper  004170d2 f   libvcruntime:frame.obj
 0001:000160dd       ___TypeMatch               004170dd f   libvcruntime:frame.obj
 0001:000160e8       ___vcrt_EncodePointer      004170e8 f i libvcruntime:frame.obj
 0001:00016100       __CallSettingFrame@12      00417100 f   libvcruntime:lowhelpr.obj
 0001:00016127       __NLG_Return               00417127     libvcruntime:lowhelpr.obj
 0001:0001617b       __get_unexpected           0041717b f   libvcruntime:unexpected.obj
 0001:00016195       _set_unexpected            00417195 f   libvcruntime:unexpected.obj
 0001:000161bb       _unexpected                004171bb f   libvcruntime:unexpected.obj
 0001:000161df       ?GetCurrentState@__FrameHandler3@@SAHPAUEHRegistrationNode@@PAXPBU_s_FuncInfo@@@Z 004171df f   libvcruntime:ehstate.obj
 0001:00016203       ?SetState@__FrameHandler3@@SAXPAUEHRegistrationNode@@PBU_s_FuncInfo@@H@Z 00417203 f   libvcruntime:ehstate.obj
 0001:00016214       ??$?RD@__crt_public_free_policy@@QBEXQBD@Z 00417214 f i libvcruntime:std_exception.obj
 0001:00016228       ??0?$__crt_unique_heap_ptr@DU__crt_public_free_policy@@@@QAE@QAD@Z 00417228 f i libvcruntime:std_exception.obj
 0001:00016239       ??1?$__crt_unique_heap_ptr@DU__crt_public_free_policy@@@@QAE@XZ 00417239 f i libvcruntime:std_exception.obj
 0001:0001624d       ??B?$__crt_unique_heap_ptr@DU__crt_public_free_policy@@@@QBE_NXZ 0041724d f i libvcruntime:std_exception.obj
 0001:00016254       ?detach@?$__crt_unique_heap_ptr@DU__crt_public_free_policy@@@@QAEPADXZ 00417254 f i libvcruntime:std_exception.obj
 0001:0001625a       ?get@?$__crt_unique_heap_ptr@DU__crt_public_free_policy@@@@QBEPADXZ 0041725a f i libvcruntime:std_exception.obj
 0001:0001625d       ?is_valid@?$__crt_unique_heap_ptr@DU__crt_public_free_policy@@@@QBE_NXZ 0041725d f i libvcruntime:std_exception.obj
 0001:00016264       ?release@?$__crt_unique_heap_ptr@DU__crt_public_free_policy@@@@QAEXXZ 00417264 f i libvcruntime:std_exception.obj
 0001:00016278       ___std_exception_copy      00417278 f   libvcruntime:std_exception.obj
 0001:000162f3       ___std_exception_destroy   004172f3 f   libvcruntime:std_exception.obj
 0001:00016319       __CxxThrowException@8      00417319 f   libvcruntime:throw.obj
 0001:000163b0       _memmove                   004173b0 f   libvcruntime:memmove.obj
 0001:00016c6d       ___acrt_locale_changed     00417c6d f i libucrt:_ctype.obj
 0001:00016c7a       ___acrt_locale_get_ctype_array_value 00417c7a f i libucrt:_ctype.obj
 0001:00016cb0       ___isascii                 00417cb0 f   libucrt:_ctype.obj
 0001:00016cd0       ___iscsym                  00417cd0 f   libucrt:_ctype.obj
 0001:00016d60       ___iscsymf                 00417d60 f   libucrt:_ctype.obj
 0001:00016e20       ___toascii                 00417e20 f   libucrt:_ctype.obj
 0001:00016e30       __isalnum_l                00417e30 f   libucrt:_ctype.obj
 0001:00016f30       __isalpha_l                00417f30 f   libucrt:_ctype.obj
 0001:00017030       __isblank_l                00418030 f   libucrt:_ctype.obj
 0001:00017120       __iscntrl_l                00418120 f   libucrt:_ctype.obj
 0001:00017210       __iscsym_l                 00418210 f   libucrt:_ctype.obj
 0001:00017300       __iscsymf_l                00418300 f   libucrt:_ctype.obj
 0001:000173f0       __isdigit_l                004183f0 f   libucrt:_ctype.obj
 0001:000174e0       __isgraph_l                004184e0 f   libucrt:_ctype.obj
 0001:000175e0       __islower_l                004185e0 f   libucrt:_ctype.obj
 0001:000176d0       __isprint_l                004186d0 f   libucrt:_ctype.obj
 0001:000177d0       __ispunct_l                004187d0 f   libucrt:_ctype.obj
 0001:000178c0       __isspace_l                004188c0 f   libucrt:_ctype.obj
 0001:000179b0       __isupper_l                004189b0 f   libucrt:_ctype.obj
 0001:00017aa0       __isxdigit_l               00418aa0 f   libucrt:_ctype.obj
 0001:00017ba0       _isalnum                   00418ba0 f   libucrt:_ctype.obj
 0001:00017c50       _isalpha                   00418c50 f   libucrt:_ctype.obj
 0001:00017d00       _isblank                   00418d00 f   libucrt:_ctype.obj
 0001:00017dc0       _iscntrl                   00418dc0 f   libucrt:_ctype.obj
 0001:00017e70       _isdigit                   00418e70 f   libucrt:_ctype.obj
 0001:00017f20       _isgraph                   00418f20 f   libucrt:_ctype.obj
 0001:00017fd0       _islower                   00418fd0 f   libucrt:_ctype.obj
 0001:00018080       _isprint                   00419080 f   libucrt:_ctype.obj
 0001:00018130       _ispunct                   00419130 f   libucrt:_ctype.obj
 0001:000181e0       _isspace                   004191e0 f   libucrt:_ctype.obj
 0001:00018290       _isupper                   00419290 f   libucrt:_ctype.obj
 0001:00018340       _isxdigit                  00419340 f   libucrt:_ctype.obj
 0001:00018659       ??0_LocaleUpdate@@QAE@QAU__crt_locale_pointers@@@Z 00419659 f i libucrt:tolower_toupper.obj
 0001:000186fb       ??1_LocaleUpdate@@QAE@XZ   004196fb f i libucrt:tolower_toupper.obj
 0001:0001870f       ?GetLocaleT@_LocaleUpdate@@QAEPAU__crt_locale_pointers@@XZ 0041970f f i libucrt:tolower_toupper.obj
 0001:000187d8       ___acrt_disable_global_locale_sync 004197d8 f i libucrt:tolower_toupper.obj
 0001:000187ef       ___acrt_enable_global_locale_sync 004197ef f i libucrt:tolower_toupper.obj
 0001:00018809       ___ascii_tolower           00419809 f i libucrt:tolower_toupper.obj
 0001:00018825       ___ascii_toupper           00419825 f i libucrt:tolower_toupper.obj
 0001:00018841       __ctype_fast_check_internal 00419841 f i libucrt:tolower_toupper.obj
 0001:00018861       __isleadbyte_fast_internal 00419861 f i libucrt:tolower_toupper.obj
 0001:00018886       __tolower                  00419886 f   libucrt:tolower_toupper.obj
 0001:00018896       __tolower_fast_internal    00419896 f i libucrt:tolower_toupper.obj
 0001:000188b5       __tolower_l                004198b5 f   libucrt:tolower_toupper.obj
 0001:000189f2       __toupper                  004199f2 f   libucrt:tolower_toupper.obj
 0001:00018a02       __toupper_fast_internal    00419a02 f i libucrt:tolower_toupper.obj
 0001:00018a21       __toupper_l                00419a21 f   libucrt:tolower_toupper.obj
 0001:00018b5e       _tolower                   00419b5e f   libucrt:tolower_toupper.obj
 0001:00018b9a       _toupper                   00419b9a f   libucrt:tolower_toupper.obj
 0001:00018be0       _strncmp                   00419be0 f   libucrt:strncmp.obj
 0001:00018c76       __set_abort_behavior       00419c76 f   libucrt:abort.obj
 0001:00018c9f       _abort                     00419c9f f   libucrt:abort.obj
 0001:00018cf4       _rand                      00419cf4 f   libucrt:rand.obj
 0001:00018d1d       _srand                     00419d1d f   libucrt:rand.obj
 0001:00018d33       ??$is_overflow_condition@K@__crt_strtox@@YA_NIK@Z 00419d33 f i libucrt:atox.obj
 0001:00018d74       ??$is_overflow_condition@_K@__crt_strtox@@YA_NI_K@Z 00419d74 f i libucrt:atox.obj
 0001:00018dc5       ??$make_c_string_character_source@D$$T@__crt_strtox@@YA?AV?$c_string_character_source@D@0@QBD$$T@Z 00419dc5 f i libucrt:atox.obj
 0001:00018de6       ??$make_c_string_character_source@_W$$T@__crt_strtox@@YA?AV?$c_string_character_source@_W@0@QB_W$$T@Z 00419de6 f i libucrt:atox.obj
 0001:00018e07       ??$parse_integer@KV?$c_string_character_source@D@__crt_strtox@@$00@__crt_strtox@@YAKAAV__crt_cached_ptd_host@@V?$c_string_character_source@D@0@H_N@Z 00419e07 f i libucrt:atox.obj
 0001:000190df       ??$parse_integer@KV?$c_string_character_source@_W@__crt_strtox@@$00@__crt_strtox@@YAKAAV__crt_cached_ptd_host@@V?$c_string_character_source@_W@0@H_N@Z 0041a0df f i libucrt:atox.obj
 0001:00019870       ??$parse_integer@_KV?$c_string_character_source@D@__crt_strtox@@$00@__crt_strtox@@YA_KAAV__crt_cached_ptd_host@@V?$c_string_character_source@D@0@H_N@Z 0041a870 f i libucrt:atox.obj
 0001:00019bea       ??$parse_integer@_KV?$c_string_character_source@_W@__crt_strtox@@$00@__crt_strtox@@YA_KAAV__crt_cached_ptd_host@@V?$c_string_character_source@_W@0@H_N@Z 0041abea f i libucrt:atox.obj
 0001:0001a411       ??$parse_integer_from_string@JD$$T@__crt_strtox@@YAJQBD$$THQAU__crt_locale_pointers@@@Z 0041b411 f i libucrt:atox.obj
 0001:0001a469       ??$parse_integer_from_string@J_W$$T@__crt_strtox@@YAJQB_W$$THQAU__crt_locale_pointers@@@Z 0041b469 f i libucrt:atox.obj
 0001:0001a4c1       ??$parse_integer_from_string@_JD$$T@__crt_strtox@@YA_JQBD$$THQAU__crt_locale_pointers@@@Z 0041b4c1 f i libucrt:atox.obj
 0001:0001a521       ??$parse_integer_from_string@_J_W$$T@__crt_strtox@@YA_JQB_W$$THQAU__crt_locale_pointers@@@Z 0041b521 f i libucrt:atox.obj
 0001:0001a581       ??0?$c_string_character_source@D@__crt_strtox@@QAE@QBDQAPBD@Z 0041b581 f i libucrt:atox.obj
 0001:0001a5a4       ??0?$c_string_character_source@_W@__crt_strtox@@QAE@QB_WQAPB_W@Z 0041b5a4 f i libucrt:atox.obj
 0001:0001a5c7       ??0?$cached@H@__crt_cached_ptd_host@@QAE@XZ 0041b5c7 f i libucrt:atox.obj
 0001:0001a5ce       ??0?$cached@K@__crt_cached_ptd_host@@QAE@XZ 0041b5ce f i libucrt:atox.obj
 0001:0001a5e0       ??0__crt_cached_ptd_host@@QAE@QAU__crt_locale_pointers@@@Z 0041b5e0 f i libucrt:atox.obj
 0001:0001a654       ??0__crt_scoped_get_last_error_reset@@QAE@XZ 0041b654 f i libucrt:atox.obj
 0001:0001a669       ??1?$c_string_character_source@D@__crt_strtox@@QAE@XZ 0041b669 f i libucrt:atox.obj
 0001:0001a678       ??1?$c_string_character_source@_W@__crt_strtox@@QAE@XZ 0041b678 f i libucrt:atox.obj
 0001:0001a690       ??1__crt_cached_ptd_host@@QAE@XZ 0041b690 f i libucrt:atox.obj
 0001:0001a6db       ??1__crt_scoped_get_last_error_reset@@QAE@XZ 0041b6db f i libucrt:atox.obj
 0001:0001a6f0       ?check_synchronize_global_state_index@__crt_cached_ptd_host@@AAEIABV__crt_scoped_get_last_error_reset@@@Z 0041b6f0 f i libucrt:atox.obj
 0001:0001a720       ?check_synchronize_per_thread_data@__crt_cached_ptd_host@@AAEPAU__acrt_ptd@@XZ 0041b720 f i libucrt:atox.obj
 0001:0001a7a0       ?force_synchronize_global_state_index@__crt_cached_ptd_host@@AAEIABV__crt_scoped_get_last_error_reset@@@Z 0041b7a0 f i libucrt:atox.obj
 0001:0001a7c0       ?force_synchronize_per_thread_data@__crt_cached_ptd_host@@AAEPAU__acrt_ptd@@XZ 0041b7c0 f i libucrt:atox.obj
 0001:0001a820       ?get@?$c_string_character_source@D@__crt_strtox@@QAEDXZ 0041b820 f i libucrt:atox.obj
 0001:0001a82a       ?get@?$c_string_character_source@_W@__crt_strtox@@QAE_WXZ 0041b82a f i libucrt:atox.obj
 0001:0001a837       ?get_current_state_index@__crt_state_management@@YAIABV__crt_scoped_get_last_error_reset@@@Z 0041b837 f i libucrt:atox.obj
 0001:0001a840       ?get_errno@__crt_cached_ptd_host@@QAE@XZ 0041b840 f i libucrt:atox.obj
 0001:0001a850       ?get_locale@__crt_cached_ptd_host@@QAEPAU__crt_locale_pointers@@XZ 0041b850 f i libucrt:atox.obj
 0001:0001a870       ?get_raw_ptd@__crt_cached_ptd_host@@QAEPAU__acrt_ptd@@XZ 0041b870 f i libucrt:atox.obj
 0001:0001a8e3       ?is_space@__crt_strtox@@YA_NDQAU__crt_locale_pointers@@@Z 0041b8e3 f i libucrt:atox.obj
 0001:0001a908       ?is_space@__crt_strtox@@YA_N_WPAU__crt_locale_pointers@@@Z 0041b908 f i libucrt:atox.obj
 0001:0001a926       ?maximum_signed_value@__crt_strtox@@YAJK@Z 0041b926 f i libucrt:atox.obj
 0001:0001a92c       ?maximum_signed_value@__crt_strtox@@YA_J_K@Z 0041b92c f i libucrt:atox.obj
 0001:0001a937       ?minimum_signed_value@__crt_strtox@@YAJK@Z 0041b937 f i libucrt:atox.obj
 0001:0001a93d       ?minimum_signed_value@__crt_strtox@@YA_J_K@Z 0041b93d f i libucrt:atox.obj
 0001:0001a947       ?parse_digit@__crt_strtox@@YAID@Z 0041b947 f i libucrt:atox.obj
 0001:0001a98f       ?parse_digit@__crt_strtox@@YAI_W@Z 0041b98f f i libucrt:atox.obj
 0001:0001abc9       ?restore_state@?$c_string_character_source@D@__crt_strtox@@QAE_NQBD@Z 0041bbc9 f i libucrt:atox.obj
 0001:0001abdd       ?restore_state@?$c_string_character_source@_W@__crt_strtox@@QAE_NQB_W@Z 0041bbdd f i libucrt:atox.obj
 0001:0001abf1       ?save_state@?$c_string_character_source@D@__crt_strtox@@QBEPBDXZ 0041bbf1 f i libucrt:atox.obj
 0001:0001abf4       ?save_state@?$c_string_character_source@_W@__crt_strtox@@QBEPB_WXZ 0041bbf4 f i libucrt:atox.obj
 0001:0001abf7       ?set@?$cached@H@__crt_cached_ptd_host@@QAEHH@Z 0041bbf7 f i libucrt:atox.obj
 0001:0001ac0d       ?unget@?$c_string_character_source@D@__crt_strtox@@QAEXD@Z 0041bc0d f i libucrt:atox.obj
 0001:0001ac40       ?unget@?$c_string_character_source@_W@__crt_strtox@@QAEX_W@Z 0041bc40 f i libucrt:atox.obj
 0001:0001ac79       ?unsafe_value@?$cached@H@__crt_cached_ptd_host@@QAEHXZ 0041bc79 f i libucrt:atox.obj
 0001:0001ac7c       ?unsafe_value@?$cached@K@__crt_cached_ptd_host@@QAEKXZ 0041bc7c f i libucrt:atox.obj
 0001:0001ac80       ?update_locale@__crt_cached_ptd_host@@AAEXXZ 0041bc80 f i libucrt:atox.obj
 0001:0001ac90       ?update_locale_slow@__crt_cached_ptd_host@@AAEXXZ 0041bc90 f i libucrt:atox.obj
 0001:0001ad01       ?valid@?$cached@H@__crt_cached_ptd_host@@QBE_NXZ 0041bd01 f i libucrt:atox.obj
 0001:0001ad05       ?valid@?$cached@K@__crt_cached_ptd_host@@QBE_NXZ 0041bd05 f i libucrt:atox.obj
 0001:0001ad09       ?validate@?$c_string_character_source@D@__crt_strtox@@QBE_NXZ 0041bd09 f i libucrt:atox.obj
 0001:0001ad2a       ?validate@?$c_string_character_source@_W@__crt_strtox@@QBE_NXZ 0041bd2a f i libucrt:atox.obj
 0001:0001ad4b       ?wide_character_to_digit@__crt_strtox@@YAH_W@Z 0041bd4b f i libucrt:atox.obj
 0001:0001af54       ___acrt_get_locale_data_prefix 0041bf54 f i libucrt:atox.obj
 0001:0001af63       ___ascii_iswalpha          0041bf63 f i libucrt:atox.obj
 0001:0001af8e       ___ascii_towupper          0041bf8e f i libucrt:atox.obj
 0001:0001afaa       __atoi64                   0041bfaa f   libucrt:atox.obj
 0001:0001b000       __atoi64_l                 0041c000 f   libucrt:atox.obj
 0001:0001b057       __atoi_l                   0041c057 f   libucrt:atox.obj
 0001:0001b0a7       __atol_l                   0041c0a7 f   libucrt:atox.obj
 0001:0001b0f7       __atoll_l                  0041c0f7 f   libucrt:atox.obj
 0001:0001b14e       __chvalidchk_l             0041c14e f i libucrt:atox.obj
 0001:0001b180       __ischartype_l             0041c180 f i libucrt:atox.obj
 0001:0001b1ec       __wtoi                     0041c1ec f   libucrt:atox.obj
 0001:0001b23a       __wtoi64                   0041c23a f   libucrt:atox.obj
 0001:0001b290       __wtoi64_l                 0041c290 f   libucrt:atox.obj
 0001:0001b2e7       __wtoi_l                   0041c2e7 f   libucrt:atox.obj
 0001:0001b337       __wtol                     0041c337 f   libucrt:atox.obj
 0001:0001b385       __wtol_l                   0041c385 f   libucrt:atox.obj
 0001:0001b3d5       __wtoll                    0041c3d5 f   libucrt:atox.obj
 0001:0001b42b       __wtoll_l                  0041c42b f   libucrt:atox.obj
 0001:0001b482       _atoi                      0041c482 f   libucrt:atox.obj
 0001:0001b4d0       _atol                      0041c4d0 f   libucrt:atox.obj
 0001:0001b51e       _atoll                     0041c51e f   libucrt:atox.obj
 0001:0001b574       ??$?RPAU__crt_stdio_stream_data@@@__crt_internal_free_policy@@QBEXQBQAU__crt_stdio_stream_data@@@Z 0041c574 f i libucrt:_file.obj
 0001:0001b58a       ??0?$__crt_unique_heap_ptr@PAU__crt_stdio_stream_data@@U__crt_internal_free_policy@@@@QAE@QAPAU__crt_stdio_stream_data@@@Z 0041c58a f i libucrt:_file.obj
 0001:0001b59e       ??0__crt_stdio_stream@@QAE@QAU_iobuf@@@Z 0041c59e f i libucrt:_file.obj
 0001:0001b5b2       ??1?$__crt_unique_heap_ptr@PAU__crt_stdio_stream_data@@U__crt_internal_free_policy@@@@QAE@XZ 0041c5b2 f i libucrt:_file.obj
 0001:0001b5c8       ??C__crt_stdio_stream@@QBEPAU__crt_stdio_stream_data@@XZ 0041c5c8 f i libucrt:_file.obj
 0001:0001b5cb       ?detach@?$__crt_unique_heap_ptr@PAU__crt_stdio_stream_data@@U__crt_internal_free_policy@@@@QAEPAPAU__crt_stdio_stream_data@@XZ 0041c5cb f i libucrt:_file.obj
 0001:0001b5d1       ?release@?$__crt_unique_heap_ptr@PAU__crt_stdio_stream_data@@U__crt_internal_free_policy@@@@QAEXXZ 0041c5d1 f i libucrt:_file.obj
 0001:0001b5e7       ___acrt_initialize_stdio   0041c5e7 f   libucrt:_file.obj
 0001:0001b6e1       ___acrt_iob_func           0041c6e1 f   libucrt:_file.obj
 0001:0001b6f5       ___acrt_uninitialize_stdio 0041c6f5 f   libucrt:_file.obj
 0001:0001b754       __get_stream_buffer_pointers 0041c754 f   libucrt:_file.obj
 0001:0001b7ab       __lock_file                0041c7ab f   libucrt:_file.obj
 0001:0001b7c4       __unlock_file              0041c7c4 f   libucrt:_file.obj
 0001:0001b7dd       ??$__crt_interlocked_read@J@@YAJPDJ@Z 0041c7dd f i libucrt:fgetc.obj
 0001:0001b7ed       ?get_flags@__crt_stdio_stream@@QBEJXZ 0041c7ed f i libucrt:fgetc.obj
 0001:0001b7f4       ?is_string_backed@__crt_stdio_stream@@QBE_NXZ 0041c7f4 f i libucrt:fgetc.obj
 0001:0001b803       ?public_stream@__crt_stdio_stream@@QBEPAU_iobuf@@XZ 0041c803 f i libucrt:fgetc.obj
 0001:0001b806       ?valid@__crt_stdio_stream@@QBE_NXZ 0041c806 f i libucrt:fgetc.obj
 0001:0001b80d       __fgetc_nolock             0041c80d f   libucrt:fgetc.obj
 0001:0001b858       __fgetchar                 0041c858 f   libucrt:fgetc.obj
 0001:0001b86c       __getc_nolock              0041c86c f   libucrt:fgetc.obj
 0001:0001b879       _fgetc                     0041c879 f   libucrt:fgetc.obj
 0001:0001b9d8       _getc                      0041c9d8 f   libucrt:fgetc.obj
 0001:0001b9e5       _getchar                   0041c9e5 f   libucrt:fgetc.obj
 0001:0001b9ea       ??$?0ABV?$stream_output_adapter@D@__crt_stdio_output@@AB_KABQBDAAV__crt_cached_ptd_host@@ABQAD@?$format_validation_base@DV?$stream_output_adapter@D@__crt_stdio_output@@@__crt_stdio_output@@IAE@ABV?$stream_output_adapter@D@1@AB_KABQBDAAV__crt_cached_ptd_host@@ABQAD@Z 0041c9ea f i libucrt:output.obj
 0001:0001ba15       ??$?0ABV?$stream_output_adapter@D@__crt_stdio_output@@AB_KABQBDAAV__crt_cached_ptd_host@@ABQAD@?$positional_parameter_base@DV?$stream_output_adapter@D@__crt_stdio_output@@@__crt_stdio_output@@IAE@ABV?$stream_output_adapter@D@1@AB_KABQBDAAV__crt_cached_ptd_host@@ABQAD@Z 0041ca15 f i libucrt:output.obj
 0001:0001ba6f       ??$?0ABV?$stream_output_adapter@D@__crt_stdio_output@@AB_KABQBDAAV__crt_cached_ptd_host@@ABQAD@?$standard_base@DV?$stream_output_adapter@D@__crt_stdio_output@@@__crt_stdio_output@@IAE@ABV?$stream_output_adapter@D@1@AB_KABQBDAAV__crt_cached_ptd_host@@ABQAD@Z 0041ca6f f i libucrt:output.obj
 0001:0001baae       ??$?0ABV?$stream_output_adapter@_W@__crt_stdio_output@@AB_KABQB_WAAV__crt_cached_ptd_host@@ABQAD@?$format_validation_base@_WV?$stream_output_adapter@_W@__crt_stdio_output@@@__crt_stdio_output@@IAE@ABV?$stream_output_adapter@_W@1@AB_KABQB_WAAV__crt_cached_ptd_host@@ABQAD@Z 0041caae f i libucrt:output.obj
 0001:0001bad9       ??$?0ABV?$stream_output_adapter@_W@__crt_stdio_output@@AB_KABQB_WAAV__crt_cached_ptd_host@@ABQAD@?$positional_parameter_base@_WV?$stream_output_adapter@_W@__crt_stdio_output@@@__crt_stdio_output@@IAE@ABV?$stream_output_adapter@_W@1@AB_KABQB_WAAV__crt_cached_ptd_host@@ABQAD@Z 0041cad9 f i libucrt:output.obj
 0001:0001bb33       ??$?0ABV?$stream_output_adapter@_W@__crt_stdio_output@@AB_KABQB_WAAV__crt_cached_ptd_host@@ABQAD@?$standard_base@_WV?$stream_output_adapter@_W@__crt_stdio_output@@@__crt_stdio_output@@IAE@ABV?$stream_output_adapter@_W@1@AB_KABQB_WAAV__crt_cached_ptd_host@@ABQAD@Z 0041cb33 f i libucrt:output.obj
 0001:0001bb72       ??$?0ABV?$string_output_adapter@D@__crt_stdio_output@@AB_KABQBDAAV__crt_cached_ptd_host@@ABQAD@?$format_validation_base@DV?$string_output_adapter@D@__crt_stdio_output@@@__crt_stdio_output@@IAE@ABV?$string_output_adapter@D@1@AB_KABQBDAAV__crt_cached_ptd_host@@ABQAD@Z 0041cb72 f i libucrt:output.obj
 0001:0001bb9d       ??$?0ABV?$string_output_adapter@D@__crt_stdio_output@@AB_KABQBDAAV__crt_cached_ptd_host@@ABQAD@?$positional_parameter_base@DV?$string_output_adapter@D@__crt_stdio_output@@@__crt_stdio_output@@IAE@ABV?$string_output_adapter@D@1@AB_KABQBDAAV__crt_cached_ptd_host@@ABQAD@Z 0041cb9d f i libucrt:output.obj
 0001:0001bbf7       ??$?0ABV?$string_output_adapter@D@__crt_stdio_output@@AB_KABQBDAAV__crt_cached_ptd_host@@ABQAD@?$standard_base@DV?$string_output_adapter@D@__crt_stdio_output@@@__crt_stdio_output@@IAE@ABV?$string_output_adapter@D@1@AB_KABQBDAAV__crt_cached_ptd_host@@ABQAD@Z 0041cbf7 f i libucrt:output.obj
 0001:0001bc36       ??$?0ABV?$string_output_adapter@_W@__crt_stdio_output@@AB_KABQB_WAAV__crt_cached_ptd_host@@ABQAD@?$format_validation_base@_WV?$string_output_adapter@_W@__crt_stdio_output@@@__crt_stdio_output@@IAE@ABV?$string_output_adapter@_W@1@AB_KABQB_WAAV__crt_cached_ptd_host@@ABQAD@Z 0041cc36 f i libucrt:output.obj
 0001:0001bc61       ??$?0ABV?$string_output_adapter@_W@__crt_stdio_output@@AB_KABQB_WAAV__crt_cached_ptd_host@@ABQAD@?$positional_parameter_base@_WV?$string_output_adapter@_W@__crt_stdio_output@@@__crt_stdio_output@@IAE@ABV?$string_output_adapter@_W@1@AB_KABQB_WAAV__crt_cached_ptd_host@@ABQAD@Z 0041cc61 f i libucrt:output.obj
 0001:0001bcbb       ??$?0ABV?$string_output_adapter@_W@__crt_stdio_output@@AB_KABQB_WAAV__crt_cached_ptd_host@@ABQAD@?$standard_base@_WV?$string_output_adapter@_W@__crt_stdio_output@@@__crt_stdio_output@@IAE@ABV?$string_output_adapter@_W@1@AB_KABQB_WAAV__crt_cached_ptd_host@@ABQAD@Z 0041ccbb f i libucrt:output.obj
 0001:0001c0ba       ??$_tcstol_internal@DPAPAD$0A@@@YAJAAV__crt_cached_ptd_host@@QBDQAPADH@Z 0041d0ba f i libucrt:output.obj
 0001:0001c0ef       ??$_tcstol_internal@_WPAPA_W$0A@@@YAJAAV__crt_cached_ptd_host@@QB_WQAPA_WH@Z 0041d0ef f i libucrt:output.obj
 0001:0001d418       ??$count@D@formatting_buffer@__crt_stdio_output@@QBEIXZ 0041e418 f i libucrt:output.obj
 0001:0001d436       ??$count@_W@formatting_buffer@__crt_stdio_output@@QBEIXZ 0041e436 f i libucrt:output.obj
 0001:0001d455       ??$data@D@formatting_buffer@__crt_stdio_output@@QAEPADXZ 0041e455 f i libucrt:output.obj
 0001:0001d465       ??$data@_W@formatting_buffer@__crt_stdio_output@@QAEPA_WXZ 0041e465 f i libucrt:output.obj
 0001:0001d475       ??$ensure_buffer_is_big_enough@D@formatting_buffer@__crt_stdio_output@@QAE_NIAAV__crt_cached_ptd_host@@@Z 0041e475 f i libucrt:output.obj
 0001:0001d516       ??$ensure_buffer_is_big_enough@_W@formatting_buffer@__crt_stdio_output@@QAE_NIAAV__crt_cached_ptd_host@@@Z 0041e516 f i libucrt:output.obj
 0001:0001d5b8       ??$extract_argument_from_va_list@C_J@?$positional_parameter_base@DV?$stream_output_adapter@D@__crt_stdio_output@@@__crt_stdio_output@@IAE_NAA_J@Z 0041e5b8 f i libucrt:output.obj
 0001:0001d66a       ??$extract_argument_from_va_list@C_J@?$positional_parameter_base@DV?$string_output_adapter@D@__crt_stdio_output@@@__crt_stdio_output@@IAE_NAA_J@Z 0041e66a f i libucrt:output.obj
 0001:0001d71c       ??$extract_argument_from_va_list@C_J@?$positional_parameter_base@_WV?$stream_output_adapter@_W@__crt_stdio_output@@@__crt_stdio_output@@IAE_NAA_J@Z 0041e71c f i libucrt:output.obj
 0001:0001d7d0       ??$extract_argument_from_va_list@C_J@?$positional_parameter_base@_WV?$string_output_adapter@_W@__crt_stdio_output@@@__crt_stdio_output@@IAE_NAA_J@Z 0041e7d0 f i libucrt:output.obj
 0001:0001d884       ??$extract_argument_from_va_list@C_J@?$standard_base@DV?$stream_output_adapter@D@__crt_stdio_output@@@__crt_stdio_output@@IAE_NAA_J@Z 0041e884 f i libucrt:output.obj
 0001:0001d8ac       ??$extract_argument_from_va_list@C_J@?$standard_base@DV?$string_output_adapter@D@__crt_stdio_output@@@__crt_stdio_output@@IAE_NAA_J@Z 0041e8ac f i libucrt:output.obj
 0001:0001d8d4       ??$extract_argument_from_va_list@C_J@?$standard_base@_WV?$stream_output_adapter@_W@__crt_stdio_output@@@__crt_stdio_output@@IAE_NAA_J@Z 0041e8d4 f i libucrt:output.obj
 0001:0001d8fc       ??$extract_argument_from_va_list@C_J@?$standard_base@_WV?$string_output_adapter@_W@__crt_stdio_output@@@__crt_stdio_output@@IAE_NAA_J@Z 0041e8fc f i libucrt:output.obj
 0001:0001d924       ??$extract_argument_from_va_list@E_J@?$positional_parameter_base@DV?$stream_output_adapter@D@__crt_stdio_output@@@__crt_stdio_output@@IAE_NAA_J@Z 0041e924 f i libucrt:output.obj
 0001:0001d9d6       ??$extract_argument_from_va_list@E_J@?$positional_parameter_base@DV?$string_output_adapter@D@__crt_stdio_output@@@__crt_stdio_output@@IAE_NAA_J@Z 0041e9d6 f i libucrt:output.obj
 0001:0001da88       ??$extract_argument_from_va_list@E_J@?$positional_parameter_base@_WV?$stream_output_adapter@_W@__crt_stdio_output@@@__crt_stdio_output@@IAE_NAA_J@Z 0041ea88 f i libucrt:output.obj
 0001:0001db3c       ??$extract_argument_from_va_list@E_J@?$positional_parameter_base@_WV?$string_output_adapter@_W@__crt_stdio_output@@@__crt_stdio_output@@IAE_NAA_J@Z 0041eb3c f i libucrt:output.obj
 0001:0001dbf0       ??$extract_argument_from_va_list@E_J@?$standard_base@DV?$stream_output_adapter@D@__crt_stdio_output@@@__crt_stdio_output@@IAE_NAA_J@Z 0041ebf0 f i libucrt:output.obj
 0001:0001dc18       ??$extract_argument_from_va_list@E_J@?$standard_base@DV?$string_output_adapter@D@__crt_stdio_output@@@__crt_stdio_output@@IAE_NAA_J@Z 0041ec18 f i libucrt:output.obj
 0001:0001dc40       ??$extract_argument_from_va_list@E_J@?$standard_base@_WV?$stream_output_adapter@_W@__crt_stdio_output@@@__crt_stdio_output@@IAE_NAA_J@Z 0041ec40 f i libucrt:output.obj
 0001:0001dc68       ??$extract_argument_from_va_list@E_J@?$standard_base@_WV?$string_output_adapter@_W@__crt_stdio_output@@@__crt_stdio_output@@IAE_NAA_J@Z 0041ec68 f i libucrt:output.obj
 0001:0001dc90       ??$extract_argument_from_va_list@F_J@?$positional_parameter_base@DV?$stream_output_adapter@D@__crt_stdio_output@@@__crt_stdio_output@@IAE_NAA_J@Z 0041ec90 f i libucrt:output.obj
 0001:0001dd42       ??$extract_argument_from_va_list@F_J@?$positional_parameter_base@DV?$string_output_adapter@D@__crt_stdio_output@@@__crt_stdio_output@@IAE_NAA_J@Z 0041ed42 f i libucrt:output.obj
 0001:0001ddf4       ??$extract_argument_from_va_list@F_J@?$positional_parameter_base@_WV?$stream_output_adapter@_W@__crt_stdio_output@@@__crt_stdio_output@@IAE_NAA_J@Z 0041edf4 f i libucrt:output.obj
 0001:0001dea8       ??$extract_argument_from_va_list@F_J@?$positional_parameter_base@_WV?$string_output_adapter@_W@__crt_stdio_output@@@__crt_stdio_output@@IAE_NAA_J@Z 0041eea8 f i libucrt:output.obj
 0001:0001df5c       ??$extract_argument_from_va_list@F_J@?$standard_base@DV?$stream_output_adapter@D@__crt_stdio_output@@@__crt_stdio_output@@IAE_NAA_J@Z 0041ef5c f i libucrt:output.obj
 0001:0001df84       ??$extract_argument_from_va_list@F_J@?$standard_base@DV?$string_output_adapter@D@__crt_stdio_output@@@__crt_stdio_output@@IAE_NAA_J@Z 0041ef84 f i libucrt:output.obj
 0001:0001dfac       ??$extract_argument_from_va_list@F_J@?$standard_base@_WV?$stream_output_adapter@_W@__crt_stdio_output@@@__crt_stdio_output@@IAE_NAA_J@Z 0041efac f i libucrt:output.obj
 0001:0001dfd4       ??$extract_argument_from_va_list@F_J@?$standard_base@_WV?$string_output_adapter@_W@__crt_stdio_output@@@__crt_stdio_output@@IAE_NAA_J@Z 0041efd4 f i libucrt:output.obj
 0001:0001dffc       ??$extract_argument_from_va_list@GD@?$positional_parameter_base@DV?$stream_output_adapter@D@__crt_stdio_output@@@__crt_stdio_output@@IAE_NAAD@Z 0041effc f i libucrt:output.obj
 0001:0001e0ad       ??$extract_argument_from_va_list@GD@?$positional_parameter_base@DV?$string_output_adapter@D@__crt_stdio_output@@@__crt_stdio_output@@IAE_NAAD@Z 0041f0ad f i libucrt:output.obj
 0001:0001e15e       ??$extract_argument_from_va_list@GD@?$standard_base@DV?$stream_output_adapter@D@__crt_stdio_output@@@__crt_stdio_output@@IAE_NAAD@Z 0041f15e f i libucrt:output.obj
 0001:0001e17f       ??$extract_argument_from_va_list@GD@?$standard_base@DV?$string_output_adapter@D@__crt_stdio_output@@@__crt_stdio_output@@IAE_NAAD@Z 0041f17f f i libucrt:output.obj
 0001:0001e1a0       ??$extract_argument_from_va_list@G_J@?$positional_parameter_base@DV?$stream_output_adapter@D@__crt_stdio_output@@@__crt_stdio_output@@IAE_NAA_J@Z 0041f1a0 f i libucrt:output.obj
[...]
 0002:0000b940       __sehtable$__query_new_handler 00477940     libucrt:new_handler.obj
 0002:0000b960       __sehtable$__set_new_handler 00477960     libucrt:new_handler.obj
 0002:0000b980       __sehtable$?_fclose_internal@@YAHQAU_iobuf@@AAV__crt_cached_ptd_host@@@Z 00477980     libucrt:fclose.obj
 0002:0000b9a0       __sehtable$??$?RV<lambda_9e9de3de5fa147e2223d7db92bc10aa6>@@AAV<lambda_38ce7e780aa69e748d6df282ebc68efe>@@V<lambda_8ca6da459f0f6780f1cff60fdc3d00e5>@@@?$__crt_seh_guarded_call@H@@QAEH$$QAV<lambda_9e9de3de5fa147e2223d7db92bc10aa6>@@AAV<lambda_38ce7e780aa69e748d6df282ebc68efe>@@$$QAV<lambda_8ca6da459f0f6780f1cff60fdc3d00e5>@@@Z 004779a0     libucrt:commit.obj
 0002:0000b9c0       __sehtable$__write_internal 004779c0     libucrt:write.obj
 0002:0000b9e0       __ehfuncinfo$?write_double_translated_ansi_nolock@@YA?AUwrite_result@?A0x17268360@@HQBDIAAV__crt_cached_ptd_host@@@Z 004779e0     libucrt:write.obj
 0002:0000ba08       __sehtable$__read          00477a08     libucrt:read.obj
 0002:0000ba28       __ehfuncinfo$?_mbrtowc_internal@@YAHPAHPA_WPBDIPAU_Mbstatet@@AAV__crt_cached_ptd_host@@@Z 00477a28     libucrt:mbrtowc.obj
 0002:0000ba50       __ehfuncinfo$?_mbsrtowcs_helper@@YAIPA_WPAPBDIPAU_Mbstatet@@AAV__crt_cached_ptd_host@@@Z 00477a50     libucrt:mbrtowc.obj
 0002:0000ba78       __sehtable$___set_fpsr_sse2 00477a78     libucrt:fpctrl.obj
 0002:0000ba98       __sehtable$??$?RV<lambda_d422a76eb4c3bf3ad751449ab71a6ea4>@@AAV<lambda_c9ba49e555ba839a7b07aa3fbecb7617>@@V<lambda_9476263c8ee91a25d21c55370bdb50de>@@@?$__crt_seh_guarded_call@H@@QAEH$$QAV<lambda_d422a76eb4c3bf3ad751449ab71a6ea4>@@AAV<lambda_c9ba49e555ba839a7b07aa3fbecb7617>@@$$QAV<lambda_9476263c8ee91a25d21c55370bdb50de>@@@Z 00477a98     libucrt:close.obj
 0002:0000bab8       __sehtable$?__acrt_stdio_allocate_stream@@YA?AV__crt_stdio_stream@@XZ 00477ab8     libucrt:stream.obj
 0002:0000bad8       __sehtable$??$common_lseek@J@@YAJHJHAAV__crt_cached_ptd_host@@@Z 00477ad8     libucrt:lseek.obj
 0002:0000baf8       __sehtable$??$common_lseek@_J@@YA_JH_JHAAV__crt_cached_ptd_host@@@Z 00477af8     libucrt:lseek.obj
 0002:0000bb18       __sehtable$??$?RV<lambda_f828341fbe69b7c0d4c527b01f22877f>@@AAV<lambda_9e0b6ab72a5b3ae37ad997d08b519f50>@@V<lambda_f01deac0a8d65d6e0411edf7e0af5775>@@@?$__crt_seh_guarded_call@G@@QAEG$$QAV<lambda_f828341fbe69b7c0d4c527b01f22877f>@@AAV<lambda_9e0b6ab72a5b3ae37ad997d08b519f50>@@$$QAV<lambda_f01deac0a8d65d6e0411edf7e0af5775>@@@Z 00477b18     libucrt:putwch.obj
 0002:0000bb38       __ehfuncinfo$?_mbstowcs_l_helper@@YAIPA_WPBDIAAV__crt_cached_ptd_host@@@Z 00477b38     libucrt:mbstowcs.obj
 0002:0000bb60       __sehtable$__IsNonwritableInCurrentImage 00477b60     LIBCMT:pesect.obj
 0003:00000000       $SG75308                   00478000     Achims_C-Test_241115.obj
 0003:00000010       $SG75309                   00478010     Achims_C-Test_241115.obj
 0003:00000034       $SG75311                   00478034     Achims_C-Test_241115.obj
 0003:00000044       $SG75312                   00478044     Achims_C-Test_241115.obj
 0003:0000006c       $SG75315                   0047806c     Achims_C-Test_241115.obj
 0003:0000007c       $SG75316                   0047807c     Achims_C-Test_241115.obj
 0003:0000009c       $SG75318                   0047809c     Achims_C-Test_241115.obj
 0003:000000a4       $SG75319                   004780a4     Achims_C-Test_241115.obj
 0003:000000ac       $SG75320                   004780ac     Achims_C-Test_241115.obj
 0003:000000bc       $SG75321                   004780bc     Achims_C-Test_241115.obj
 0003:000000e0       $SG75332                   004780e0     Achims_C-Test_241115.obj
 0003:000000f8       $SG75333                   004780f8     Achims_C-Test_241115.obj
 0003:0000011c       $SG75351                   0047811c     Achims_C-Test_241115.obj
 0003:0000012c       $SG75352                   0047812c     Achims_C-Test_241115.obj
 0003:00000150       $SG75371                   00478150     Achims_C-Test_241115.obj
 0003:0000015c       $SG75372                   0047815c     Achims_C-Test_241115.obj
 0003:00000180       $SG75373                   00478180     Achims_C-Test_241115.obj
 0003:00000198       $SG75378                   00478198     Achims_C-Test_241115.obj
 0003:000001a4       $SG75379                   004781a4     Achims_C-Test_241115.obj
 0003:000001c0       $SG75382                   004781c0     Achims_C-Test_241115.obj
 0003:000001ec       $SG75384                   004781ec     Achims_C-Test_241115.obj
 0003:000001f8       $SG75385                   004781f8     Achims_C-Test_241115.obj
 0003:00000224       $SG75388                   00478224     Achims_C-Test_241115.obj
 0003:00000244       $SG75389                   00478244     Achims_C-Test_241115.obj
 0003:00000260       $SG75391                   00478260     Achims_C-Test_241115.obj
 0003:00000268       $SG75392                   00478268     Achims_C-Test_241115.obj
 0003:00000270       $SG75393                   00478270     Achims_C-Test_241115.obj
 0003:0000027c       $SG75394                   0047827c     Achims_C-Test_241115.obj
 0003:0000029c       $SG75396                   0047829c     Achims_C-Test_241115.obj
 0003:000002a8       $SG75397                   004782a8     Achims_C-Test_241115.obj
 0003:000002c8       $SG75408                   004782c8     Achims_C-Test_241115.obj
 0003:000002d8       $SG75409                   004782d8     Achims_C-Test_241115.obj
 0003:000002fc       $SG75410                   004782fc     Achims_C-Test_241115.obj
 0003:00000300       $SG75412                   00478300     Achims_C-Test_241115.obj
 0003:0000030c       $SG75414                   0047830c     Achims_C-Test_241115.obj
 0003:00000318       $SG75417                   00478318     Achims_C-Test_241115.obj
 0003:00000324       $SG75418                   00478324     Achims_C-Test_241115.obj
 0003:00000328       $SG75419                   00478328     Achims_C-Test_241115.obj
 0003:00000330       $SG75429                   00478330     Achims_C-Test_241115.obj
 0003:00000340       $SG75430                   00478340     Achims_C-Test_241115.obj
 0003:00000364       $SG75431                   00478364     Achims_C-Test_241115.obj
 0003:0000037c       $SG75434                   0047837c     Achims_C-Test_241115.obj
 0003:00000394       $SG75481                   00478394     Achims_C-Test_241115.obj
 0003:000003a0       $SG75482                   004783a0     Achims_C-Test_241115.obj
 0003:000003ac       $SG75483                   004783ac     Achims_C-Test_241115.obj
 0003:000003e4       $SG75484                   004783e4     Achims_C-Test_241115.obj
 0003:0000041c       $SG75485                   0047841c     Achims_C-Test_241115.obj
 0003:00000428       $SG75487                   00478428     Achims_C-Test_241115.obj
 0003:000005e8       $SG75489                   004785e8     Achims_C-Test_241115.obj
 0003:00000600       $SG75490                   00478600     Achims_C-Test_241115.obj
 0003:00000624       $SG75493                   00478624     Achims_C-Test_241115.obj
 0003:00000650       $SG75495                   00478650     Achims_C-Test_241115.obj
 0003:00000680       $SG75496                   00478680     Achims_C-Test_241115.obj
 0003:000006d8       $SG75498                   004786d8     Achims_C-Test_241115.obj
 0003:000006fc       $SG75502                   004786fc     Achims_C-Test_241115.obj
 0003:00000728       $SG75505                   00478728     Achims_C-Test_241115.obj
 0003:00000748       $SG75506                   00478748     Achims_C-Test_241115.obj
 0003:00000778       $SG75508                   00478778     Achims_C-Test_241115.obj
 0003:000007a8       $SG75510                   004787a8     Achims_C-Test_241115.obj
 0003:000007b0       $SG75511                   004787b0     Achims_C-Test_241115.obj
 0003:000007f4       $SG75512                   004787f4     Achims_C-Test_241115.obj
 0003:000007fc       $SG75513                   004787fc     Achims_C-Test_241115.obj
 0003:00000824       $SG75514                   00478824     Achims_C-Test_241115.obj
 0003:00000858       $SG75516                   00478858     Achims_C-Test_241115.obj
 0003:000008a8       $SG75518                   004788a8     Achims_C-Test_241115.obj
 0003:000008d8       $SG75520                   004788d8     Achims_C-Test_241115.obj
 0003:00000920       $SG75521                   00478920     Achims_C-Test_241115.obj
 0003:0000094c       $SG75523                   0047894c     Achims_C-Test_241115.obj
 0003:00000970       $SG75524                   00478970     Achims_C-Test_241115.obj
 0003:000009e8       $SG75526                   004789e8     Achims_C-Test_241115.obj
 0003:000009f0       $SG75527                   004789f0     Achims_C-Test_241115.obj
 0003:000009f8       $SG75528                   004789f8     Achims_C-Test_241115.obj
 0003:00000a00       $SG75529                   00478a00     Achims_C-Test_241115.obj
 0003:00000a38       $SG75531                   00478a38     Achims_C-Test_241115.obj
 0003:00000a40       $SG75532                   00478a40     Achims_C-Test_241115.obj
 0003:00000a64       $SG75534                   00478a64     Achims_C-Test_241115.obj
 0003:00000a6c       $SG75535                   00478a6c     Achims_C-Test_241115.obj
 0003:00000a94       $SG75537                   00478a94     Achims_C-Test_241115.obj
 0003:00000a9c       $SG75538                   00478a9c     Achims_C-Test_241115.obj
 0003:00000acc       $SG75540                   00478acc     Achims_C-Test_241115.obj
 0003:00000ad4       $SG75541                   00478ad4     Achims_C-Test_241115.obj
 0003:00000b0c       $SG75543                   00478b0c     Achims_C-Test_241115.obj
 0003:00000b14       $SG75544                   00478b14     Achims_C-Test_241115.obj
 0003:00000b38       $SG75548                   00478b38     Achims_C-Test_241115.obj
 0003:00000b40       $SG75549                   00478b40     Achims_C-Test_241115.obj
 0003:00000b64       $SG75552                   00478b64     Achims_C-Test_241115.obj
 0003:00000b8c       $SG75554                   00478b8c     Achims_C-Test_241115.obj
 0003:00000bb4       $SG75556                   00478bb4     Achims_C-Test_241115.obj
 0003:00000bbc       $SG75557                   00478bbc     Achims_C-Test_241115.obj
 0003:00000be8       $SG75559                   00478be8     Achims_C-Test_241115.obj
 0003:00000bf0       $SG75560                   00478bf0     Achims_C-Test_241115.obj
 0003:00000bf8       $SG75561                   00478bf8     Achims_C-Test_241115.obj
 0003:00000c00       $SG75562                   00478c00     Achims_C-Test_241115.obj
 0003:00000c38       $SG75563                   00478c38     Achims_C-Test_241115.obj
 0003:00000f10       _place                     00478f10     getopt.obj
 0003:00000f14       _nonopt_start              00478f14     getopt.obj
 0003:00000f18       _nonopt_end                00478f18     getopt.obj
 0003:00000f1c       $SG74477                   00478f1c     getopt.obj
 0003:00000f24       $SG74479                   00478f24     getopt.obj
 0003:00000f28       ?posixly_correct@?1??getopt_internal@@9@9 00478f28     getopt.obj
 0003:00000f2c       $SG74614                   00478f2c     getopt.obj
 0003:00000f90       $SG7537                    00478f90     words.obj
 0003:00000f98       $SG7538                    00478f98     words.obj
 0003:00000fa0       $SG7539                    00478fa0     words.obj
 0003:00000fa8       $SG7540                    00478fa8     words.obj
 0003:00000fb0       $SG7541                    00478fb0     words.obj
 0003:00000fb8       $SG7542                    00478fb8     words.obj
 0003:00000fc0       $SG7543                    00478fc0     words.obj
 0003:00000fc8       $SG7544                    00478fc8     words.obj
 0003:00000fd0       $SG7545                    00478fd0     words.obj
 0003:00000fd8       $SG7546                    00478fd8     words.obj
 0003:00000fe0       $SG7547                    00478fe0     words.obj
 0003:00000fe8       $SG7548                    00478fe8     words.obj
 0003:00000ff0       $SG7549                    00478ff0     words.obj
 0003:00000ff8       $SG7550                    00478ff8     words.obj
 0003:00001000       $SG7551                    00479000     words.obj
 0003:00001008       $SG7552                    00479008     words.obj
 0003:00001010       $SG7553                    00479010     words.obj
 0003:000010b0       ?__vcrt_flsindex@@3KA      004790b0     libvcruntime:per_thread_data.obj
 0003:000010b4       ?prefix@?1??getDimension@UnDecorator@@CA?AVDName@@_N@Z@4UStringLiteral@@A 004790b4     libvcruntime:undname.obj
 0003:000011c0       __ctype_loc_style          004791c0     libucrt:wsetlocale.obj
 0003:000011c4       ?__acrt_flsindex@@3KA      004791c4     libucrt:per_thread_data.obj
 0003:000012b8       ?errno_no_memory@@3HA      004792b8     libucrt:errno.obj
 0003:000012bc       ?doserrno_no_memory@@3KA   004792bc     libucrt:errno.obj
 0003:000015a0       __mbctypes                 004795a0     libucrt:mbctype.obj
 0003:000016d8       __mbcasemaps               004796d8     libucrt:mbctype.obj
 0003:0000180c       ?__rgctypeflag@@3PADA      0047980c     libucrt:mbctype.obj
 0003:00001810       ?__rgcode_page_info@@3PAUcode_page_info@@A 00479810     libucrt:mbctype.obj
 0003:00001ae0       ?__DAZ_ENABLED@?1??__set_fpsr_sse2@@9@9 00479ae0     libucrt:fpctrl.obj
 0003:00001af0       ?__dcrt_lowio_console_output_handle@@3PAXA 00479af0     libucrt:initcon.obj
 0003:00001f88       _verbolvl                  00479f88     Achims_C-Test_241115.obj
 0003:00001f8c       $SG74460                   00479f8c     getopt.obj
 0003:00001f8d       $SG74625                   00479f8d     getopt.obj
 0003:00001f8e       $SG74631                   00479f8e     getopt.obj
 0003:00001f8f       $SG74639                   00479f8f     getopt.obj
 0003:00001f90       $SG74647                   00479f90     getopt.obj
 0003:00001f91       $SG74659                   00479f91     getopt.obj
 0003:00001f92       $SG74661                   00479f92     getopt.obj
 0003:00001f93       $SG74670                   00479f93     getopt.obj
 0003:00001f94       $SG74672                   00479f94     getopt.obj
 0003:00001f98       _GS_ExceptionRecord        00479f98     LIBCMT:gs_report.obj
 0003:00001fe8       _GS_ContextRecord          00479fe8     LIBCMT:gs_report.obj
 0003:0000235c       ?is_initialized_as_dll@@3_NA 0047a35c     LIBCMT:utility.obj
 0003:0000235d       ?module_local_atexit_table_initialized@@3_NA 0047a35d     LIBCMT:utility.obj
 0003:00002360       ?module_local_atexit_table@@3U_onexit_table_t@@A 0047a360     LIBCMT:utility.obj
 0003:0000236c       ?module_local_at_quick_exit_table@@3U_onexit_table_t@@A 0047a36c     LIBCMT:utility.obj
 0003:000023c8       ?__vcrt_startup_thread_ptd@@3U__vcrt_ptd@@A 0047a3c8     libvcruntime:per_thread_data.obj
 0003:000023f8       ___vcrt_lock_table         0047a3f8     libvcruntime:locks.obj
 0003:00002410       ___vcrt_locks_initialized  0047a410     libvcruntime:locks.obj
 0003:00002444       ?heap@@3V_HeapManager@@A   0047a444     libvcruntime:undname.obj
 0003:00002464       ?module_handles@@3PAPAUHINSTANCE__@@A 0047a464     libvcruntime:winapi_downlevel.obj
 0003:00002470       ?function_pointers@@3PAPAXA 0047a470     libvcruntime:winapi_downlevel.obj
 0003:000024bc       ?__acrt_app_type@@3W4_crt_app_type@@A 0047a4bc     libucrt:report_runtime_error.obj
 0003:000024c0       ?outmsg@?9??__acrt_report_runtime_error@@9@4PA_WA 0047a4c0     libucrt:report_runtime_error.obj
 0003:00002c24       ?user_matherr@@3V?$dual_state_global@P6AHPAU_exception@@@Z@__crt_state_management@@A 0047ac24     libucrt:matherr.obj
 0003:00002c28       ?program_name@?1???$common_configure_argv@D@@YAHW4_crt_argv_mode@@@Z@4PADA 0047ac28     libucrt:argv_parsing.obj
 0003:00002d68       ?program_name@?1???$common_configure_argv@_W@@YAHW4_crt_argv_mode@@@Z@4PA_WA 0047ad68     libucrt:argv_parsing.obj
 0003:00002ff0       ?c_termination_complete@@3JA 0047aff0     libucrt:exit.obj
 0003:00002ff4       ?thread_local_exit_callback_func@@3P6GXPAXK0@ZA 0047aff4     libucrt:exit.obj
 0003:00002ff8       ?c_exit_complete@?1???R<lambda_6e4b09c48022b2350581041d5f6b0c4c>@@QBE@XZ@4_NA 0047aff8     libucrt:exit.obj
 0003:00003000       ?__acrt_global_new_mode@@3V?$dual_state_global@J@__crt_state_management@@A 0047b000     libucrt:new_mode.obj
 0003:0000302c       ?__acrt_invalid_parameter_handler@@3V?$dual_state_global@P6AXPB_W00II@Z@__crt_state_management@@A 0047b02c     libucrt:invalid_parameter.obj
 0003:00003030       ?console_ctrl_handler_installed@@3_NA 0047b030     libucrt:signal.obj
 0003:00003034       ?ctrlc_action@@3V?$dual_state_global@P6AXH@Z@__crt_state_management@@A 0047b034     libucrt:signal.obj
 0003:00003038       ?ctrlbreak_action@@3V?$dual_state_global@P6AXH@Z@__crt_state_management@@A 0047b038     libucrt:signal.obj
 0003:0000303c       ?abort_action@@3V?$dual_state_global@P6AXH@Z@__crt_state_management@@A 0047b03c     libucrt:signal.obj
 0003:00003040       ?term_action@@3V?$dual_state_global@P6AXH@Z@__crt_state_management@@A 0047b040     libucrt:signal.obj
 0003:00003048       ?module_handles@@3PAPAUHINSTANCE__@@A 0047b048     libucrt:winapi_thunks.obj
 0003:000030a0       ?encoded_function_pointers@@3PAPAXA 0047b0a0     libucrt:winapi_thunks.obj
 0003:0000315c       ?static_enum_proc@?1??enum_system_locales_ex_nolock@@YAHQ6GHPA_WKJ@Z@Z@4P6GH0KJ@ZA 0047b15c     libucrt:winapi_thunks.obj
 0003:000033cc       ?internal_state@?1??_mbtowc_internal@@9@4U_Mbstatet@@A 0047b3cc     libucrt:mbtowc.obj
 0003:000033d8       ?enable_percent_n@@3IA     0047b3d8     libucrt:printf_count_output.obj
 0003:000033e8       ?__acrt_lock_table@@3PAU_RTL_CRITICAL_SECTION@@A 0047b3e8     libucrt:locks.obj
 0003:00003538       ?__acrt_locks_initialized@@3IA 0047b538     libucrt:locks.obj
 0003:00003580       ___acrt_error_mode         0047b580     libucrt:set_error_mode.obj
 0003:00003590       ?fSystemSet@@3HA           0047b590     libucrt:mbctype.obj
 0003:00003597       ?initialized@?1??__acrt_initialize_multibyte@@9@4_NA 0047b597     libucrt:mbctype.obj
 0003:00003598       ?state_cache@?1???$get_cached_win_policy@Ubegin_thread_init_policy_properties@?1??__acrt_get_begin_thread_init_policy@@YA?AW4begin_thread_init_policy@@XZ@@@YA?AW4begin_thread_init_policy@@W4AppPolicyThreadInitializationType@@@Z@4JA 0047b598     libucrt:win_policies.obj
 0003:0000359c       ?state_cache@?1???$get_cached_win_policy@Udeveloper_information_policy_properties@?1??__acrt_get_developer_information_policy@@YA?AW4developer_information_policy@@XZ@@@YA?AW4developer_information_policy@@W4AppPolicyShowDeveloperDiagnostic@@@Z@4JA 0047b59c     libucrt:win_policies.obj
 0003:000035a0       ?state_cache@?1???$get_cached_win_policy@Uwindowing_model_policy_properties@?1??__acrt_get_windowing_model_policy@@YA?AW4windowing_model_policy@@XZ@@@YA?AW4windowing_model_policy@@W4AppPolicyWindowingModel@@@Z@4JA 0047b5a0     libucrt:win_policies.obj
 0003:000035b4       ?__acrt_new_handler@@3V?$dual_state_global@P6AHI@Z@__crt_state_management@@A 0047b5b4     libucrt:new_handler.obj
 0003:000035b8       ?mbst@?1??mbrlen@@9@4U_Mbstatet@@A 0047b5b8     libucrt:mbrtowc.obj
 0003:000035c4       ?mbst@?1??mbrtowc@@9@4U_Mbstatet@@A 0047b5c4     libucrt:mbrtowc.obj
 0003:000035d0       ?mbst@?1??_mbsrtowcs_helper@@YAIPA_WPAPBDIPAU_Mbstatet@@AAV__crt_cached_ptd_host@@@Z@4U2@A 0047b5d0     libucrt:mbrtowc.obj
 0003:000035dc       ?internal_pst@?1??__mbrtoc32_utf8@__crt_mbstring@@YAIPA_UPBDIPAU_Mbstatet@@AAV__crt_cached_ptd_host@@@Z@4U3@A 0047b5dc     libucrt:mbrtoc32.obj
 0003:000035ec       __pmatherr_set             0047b5ec     libucrt:libm_error.obj
 0004:00000502       .idata$6                   0047c502     kernel32:KERNEL32.dll
